[  00000 Iitializing cousubsys us
[    0.0000]nitialincgroup bs cu
[  000000] itliing cgroup subsyspucct
[    0000] Lix rsion 4.0--geneic (builddcy1-03) (gcc version 5.4.0 20160(Ubuntu 5.4.0-6ubuntu1~16.04.2) ) #68-Ubuntu SMP Wed Oct 26 19:352TC 2016 (Unt4.4.0-47.68-generic.424)
  .0000 Cmad line: BOOT_IMAGE=/boot/vmlinuz-4.4.0-47-generic root=UUID=069d7a26-67e8-4f80-b20c-d84f04a78090 ro console=tty1 console=ttyS0
[    0.000000] KERNEL supported cpus:
[    0.000000]   Intel GenuineIntel
[    0.000000]   AMD AuthenticAMD
[    0.000000]   Centaur CentaurHauls
[    0.000000] x86/fpu: Legacy x87 FPU detected.
[    0.000000] x86/fpu: Using 'lazy' FPU context switches.
[    0.000000] e820: BIOS-provided physical RAM map:
[    0.000000] BIOS-e820: [mem 0x0000000000000000-0x000000000009fbff] usable
[    0.000000] BIOS-e820: [mem 0x000000000009fc00-0x000000000009ffff] reserved
[    0.000000] BIOS-e820: [mem 0x00000000000f0000-0x00000000000fffff] reserved
[    0.000000] BIOS-e820: [mem 0x0000000000100000-0x000000003ffeffff] usable
[    0.000000] BIOS-e820: [mem 0x000000003fff0000-0x000000003fffffff] ACPI data
[    0.000000] BIOS-e820: [mem 0x00000000fffc0000-0x00000000ffffffff] reserved
[    0.000000] NX (Execute Disable) protection: active
[    0.000000] SMBIOS 2.5 present.
[    0.000000] Hypervisor detected: KVM
[    0.000000] AGP: No AGP bridge found
[    0.000000] e820: last_pfn = 0x3fff0 max_arch_pfn = 0x400000000
[    0.000000] MTRR: Disabled
[    0.000000] x86/PAT: MTRRs disabled, skipping PAT initialization too.
[    0.000000] x86/PAT: Configuration [0-7]: WB  WT  UC- UC  WB  WT  UC- UC  
[    0.000000] CPU MTRRs all blank - virtualized system.
[    0.000000] found SMP MP-table at [mem 0x0009fff0-0x0009ffff] mapped at [ffff88000009fff0]
[    0.000000] Scanning 1 areas for low memory corruption
[    0.000000] RAMDISK: [mem 0x36fcc000-0x377ddfff]
[    0.000000] ACPI: Early table checksum verification disabled
[    0.000000] ACPI: RSDP 0x00000000000E0000 000024 (v02 VBOX  )
[    0.000000] ACPI: XSDT 0x000000003FFF0030 00003C (v01 VBOX   VBOXXSDT 00000001 ASL  00000061)
[    0.000000] ACPI: FACP 0x000000003FFF00F0 0000F4 (v04 VBOX   VBOXFACP 00000001 ASL  00000061)
[    0.000000] ACPI: DSDT 0x000000003FFF0470 002118 (v01 VBOX   VBOXBIOS 00000002 INTL 20160108)
[    0.000000] ACPI: FACS 0x000000003FFF0200 000040
[    0.000000] ACPI: FACS 0x000000003FFF0200 000040
[    0.000000] ACPI: APIC 0x000000003FFF0240 00005C (v02 VBOX   VBOXAPIC 00000001 ASL  00000061)
[    0.000000] ACPI: SSDT 0x000000003FFF02A0 0001CC (v01 VBOX   VBOXCPUT 00000002 INTL 20160108)
[    0.000000] No NUMA configuration found
[    0.000000] Faking a node at [mem 0x0000000000000000-0x000000003ffeffff]
[    0.000000] NODE_DATA(0) allocated [mem 0x3ffeb000-0x3ffeffff]
[    0.000000] kvm-clock: Using msrs 4b564d01 and 4b564d00
[    0.000000] kvm-clock: cpu 0, msr 0:3ffe7001, primary cpu clock
[    0.000000] kvm-clock: using sched offset of 3374121615 cycles
[    0.000000] clocksource: kvm-clock: mask: 0xffffffffffffffff max_cycles: 0x1cd42e4dffb, max_idle_ns: 881590591483 ns
[    0.000000] Zone ranges:
[    0.000000]   DMA      [mem 0x0000000000001000-0x0000000000ffffff]
[    0.000000]   DMA32    [mem 0x0000000001000000-0x000000003ffeffff]
[    0.000000]   Normal   empty
[    0.000000]   Device   empty
[    0.000000] Movable zone start for each node
[    0.000000] Early memory node ranges
[    0.000000]   node   0: [mem 0x0000000000001000-0x000000000009efff]
[    0.000000]   node   0: [mem 0x0000000000100000-0x000000003ffeffff]
[    0.000000] Initmem setup node 0 [mem 0x0000000000001000-0x000000003ffeffff]
[    0.000000] ACPI: PM-Timer IO Port: 0x4008
[    0.000000] IOAPIC[0]: apic_id 2, version 17, address 0xfec00000, GSI 0-23
[    0.000000] ACPI: INT_SRC_OVR (bus 0 bus_irq 0 global_irq 2 dfl dfl)
[    0.000000] ACPI: INT_SRC_OVR (bus 0 bus_irq 9 global_irq 9 high level)
[    0.000000] Using ACPI (MADT) for SMP configuration information
[    0.000000] smpboot: Allowing 2 CPUs, 0 hotplug CPUs
[    0.000000] PM: Registered nosave memory: [mem 0x00000000-0x00000fff]
[    0.000000] PM: Registered nosave memory: [mem 0x0009f000-0x0009ffff]
[    0.000000] PM: Registered nosave memory: [mem 0x000a0000-0x000effff]
[    0.000000] PM: Registered nosave memory: [mem 0x000f0000-0x000fffff]
[    0.000000] e820: [mem 0x40000000-0xfffbffff] available for PCI devices
[    0.000000] Booting paravirtualized kernel on KVM
[    0.000000] clocksource: refined-jiffies: mask: 0xffffffff max_cycles: 0xffffffff, max_idle_ns: 7645519600211568 ns
[    0.000000] setup_percpu: NR_CPUS:256 nr_cpumask_bits:256 nr_cpu_ids:2 nr_node_ids:1
[    0.000000] PERCPU: Embedded 33 pages/cpu @ffff88003fc00000 s98008 r8192 d28968 u1048576
[    0.000000] PV qspinlock hash table entries: 256 (order: 0, 4096 bytes)
[    0.000000] Built 1 zonelists in Node order, mobility grouping on.  Total pages: 257913
[    0.000000] Policy zone: DMA32
[    0.000000] Kernel command line: BOOT_IMAGE=/boot/vmlinuz-4.4.0-47-generic root=UUID=069d7a26-67e8-4f80-b20c-d84f04a78090 ro console=tty1 console=ttyS0
[    0.000000] PID hash table entries: 4096 (order: 3, 32768 bytes)
[    0.000000] AGP: Checking aperture...
[    0.000000] AGP: No AGP bridge found
[    0.000000] Memory: 1004368K/1048120K available (8423K kernel code, 1285K rwdata, 3952K rodata, 1480K init, 1292K bss, 43752K reserved, 0K cma-reserved)
[    0.000000] SLUB: HWalign=64, Order=0-3, MinObjects=0, CPUs=2, Nodes=1
[    0.000000] Hierarchical RCU implementation.
[    0.000000] 	Build-time adjustment of leaf fanout to 64.
[    0.000000] 	RCU restricting CPUs from NR_CPUS=256 to nr_cpu_ids=2.
[    0.000000] RCU: Adjusting geometry for rcu_fanout_leaf=64, nr_cpu_ids=2
[    0.000000] NR_IRQS:16640 nr_irqs:440 16
[    0.000000] Console: colour VGA+ 80x25
[    0.000000] console [tty1] enabled
[    0.000000] console [ttyS0] enabled
[    0.000000] tsc: Detected 2800.386 MHz processor
[    0.000000] tsc: Marking TSC unstable due to TSCs unsynchronized
[   0.004000] Calibrating delay loop (skipped) preset value.. 5600.77 BogoMIPS (lpj=11201544)
[    0.008005] pid_max: default: 32768 minimum: 301
[    0.012017] ACPI: Core revision 20150930
[    0.020768] ACPI: 2 ACPI AML tables successfully acquired and loaded
[    0.028346] Security Framework initialized
[    0.032005] Yama: becoming mindful.
[    0.036022] AppArmor: AppArmor initialized
[    0.040094] Dentry cache hash table entries: 131072 (order: 8, 1048576 bytes)
[    0.044275] Inode-cache hash table entries: 65536 (order: 7, 524288 bytes)
[    0.052096] Mount-cache hash table entries: 2048 (order: 2, 16384 bytes)
[    0.056007] Mountpoint-cache hash table entries: 2048 (order: 2, 16384 bytes)
[    0.060220] Initializing cgroup subsys io
[    0.061243] Initializing cgroup subsys memory
[    0.064013] Initializing cgroup subsys devices
[    0.068009] Initializing cgroup subsys freezer
[    0.072006] Initializing cgroup subsys net_cls
[    0.076005] Initializing cgroup subsys perf_event
[    0.077132] Initializing cgroup subsys net_prio
[    0.078285] Initializing cgroup subsys hugetlb
[    0.080005] Initializing cgroup subsys pids
[    0.081142] CPU: Physical Processor ID: 0
[    0.082143] CPU: Processor Core ID: 0
[    0.083103] mce: CPU supports 0 MCE banks
[    0.084019] process: using AMD E400 aware idle routine
[    0.085225] Last level iTLB entries: 4KB 512, 2MB 16, 4MB 8
[    0.086529] Last level dTLB entries: 4KB 512, 2MB 128, 4MB 64, 1GB 0
[    0.089884] Freeing SMP alternatives memory: 32K (ffffffff820b5000 - ffffffff820bd000)
[    0.102024] ftrace: allocating 32047 entries in 126 pages
[    0.116168] smpboot: Max logical packages: 1
[    0.117663] smpboot: APIC(0) Converting physical 0 to logical package 0
[    0.121956] ..TIMER: vector=0x30 apic1=0 pin1=2 apic2=-1 pin2=-1
[    0.128000] smpboot: CPU0: AMD Athlon(tm) II X2 240 Processor (family: 0x10, model: 0x6, stepping: 0x2)
[    0.140023] Performance Events: Broken PMU hardware detected, using software events only.
[    0.148004] Failed to access perfctr msr (MSR c0010007 is 0)
[    0.152049] KVM setup paravirtual spinlock
[    0.156823] x86: Booting SMP configuration:
[    0.160005] .... node  #0, CPUs:      #1
[    0.004000] kvm-clock: cpu 1, msr 0:3ffe7041, secondary cpu clock
[    0.004000] mce: CPU supports 0 MCE banks
[    0.178867] x86: Booted up 1 node, 2 CPUs
[    0.180003] smpboot: Total of 2 processors activated (11201.54 BogoMIPS)
[    0.188185] devtmpfs: initialized
[    0.195128] evm: security.selinux
[    0.196002] evm: security.SMACK64
[    0.200003] evm: security.SMACK64EXEC
[    0.204002] evm: security.SMACK64TRANSMUTE
[    0.208002] evm: security.SMACK64MMAP
[    0.212002] evm: security.ima
[    0.216002] evm: security.capability
[    0.220245] clocksource: jiffies: mask: 0xffffffff max_cycles: 0xffffffff, max_idle_ns: 7645041785100000 ns
[    0.224069] pinctrl core: initialized pinctrl subsystem
[    0.225428] RTC time:  2:27:44, date: 11/18/16
[    0.228042] NET: Registered protocol family 16
[    0.240027] cpuidle: using governor ladder
[    0.256204] cpuidle: using governor menu
[    0.257763] PCCT header not found.
[    0.304764] ACPI: bus type PCI registered
[    0.420012] acpiphp: ACPI Hot Plug PCI Controller Driver version: 0.5
[    0.600148] PCI: Using configuration type 1 for base access
[    0.784004] PCI: Using configuration type 1 for extended access
[    1.016287] ACPI: Added _OSI(Module Device)
[    1.164011] ACPI: Added _OSI(Processor Device)
[    1.308004] ACPI: Added _OSI(3.0 _SCP Extensions)
[    1.400005] ACPI: Added _OSI(Processor Aggregator Device)
[    1.592709] ACPI: Executed 1 blocks of module-level executable AML code
[    1.829511] ACPI: Interpreter enabled
[    1.968017] ACPI: (supports S0 S5)
[    2.084003] ACPI: Using IOAPIC for interrupt routing
[    2.244170] PCI: Using host bridge windows from ACPI; if necessary, use "pci=nocrs" and report a bug
[    2.517026] ACPI: PCI Root Bridge [PCI0] (domain 0000 [bus 00-ff])
[    2.752011] acpi PNP0A03:00: _OSC: OS supports [ExtendedConfig ASPM ClockPM Segments MSI]
[    3.056009] acpi PNP0A03:00: _OSC failed (AE_NOT_FOUND); disabling ASPM
[    3.288213] PCI host bridge to bus 0000:00
[    3.436006] pci_bus 0000:00: root bus resource [io  0x0000-0x0cf7 window]
[    3.604005] pci_bus 0000:00: root bus resource [io  0x0d00-0xffff window]
[    3.844010] pci_bus 0000:00: root bus resource [mem 0x000a0000-0x000bffff window]
[    4.128007] pci_bus 0000:00: root bus resource [mem 0x40000000-0xffdfffff window]
[    4.404013] pci_bus 0000:00: root bus resource [bus 00-ff]
[    4.593186] pci 0000:00:01.1: legacy IDE quirk: reg 0x10: [io  0x01f0-0x01f7]
[    4.836013] pci 0000:00:01.1: legacy IDE quirk: reg 0x14: [io  0x03f6]
[    5.096005] pci 0000:00:01.1: legacy IDE quirk: reg 0x18: [io  0x0170-0x0177]
[    5.352005] pci 0000:00:01.1: legacy IDE quirk: reg 0x1c: [io  0x0376]
[    5.656829] ACPI: PCI Interrupt Link [LNKA] (IRQs 5 9 10 11) *0, disabled.
[    5.880574] ACPI: PCI Interrupt Link [LNKB] (IRQs 5 9 10 *11)
[    6.033537] ACPI: PCI Interrupt Link [LNKC] (IRQs 5 9 *10 11)
[    6.184075] ACPI: PCI Interrupt Link [LNKD] (IRQs 5 *9 10 11)
[    6.324521] ACPI: Enabled 2 GPEs in block 00 to 07
[    6.492098] vgaarb: setting as boot device: PCI:0000:00:02.0
[    6.496000] vgaarb: device added: PCI:0000:00:02.0,decodes=io+mem,owns=io+mem,locks=none
[    6.976013] vgaarb: loaded
[    7.076003] vgaarb: bridge control possible 0000:00:02.0
[    7.260337] SCSI subsystem initialized
[    7.392143] ACPI: bus type USB registered
[    7.532045] usbcore: registered new interface driver usbfs
[    7.732017] usbcore: registered new interface driver hub
[    7.924040] usbcore: registered new device driver usb
[    8.100217] PCI: Using ACPI for IRQ routing
[    8.244281] NetLabel: Initializing
[    8.368003] NetLabel:  domain hash size = 128
[    8.532004] NetLabel:  protocols = UNLABELED CIPSOv4
[    8.716015] NetLabel:  unlabeled traffic allowed by default
[    8.900105] amd_nb: Cannot enumerate AMD northbridges
[    8.913821] clocksource: Switched to clocksource kvm-clock
[    8.927308] AppArmor: AppArmor Filesystem Enabled
[    8.928625] pnp: PnP ACPI init
[    8.930887] pnp: PnP ACPI: found 3 devices
[    8.954634] clocksource: acpi_pm: mask: 0xffffff max_cycles: 0xffffff, max_idle_ns: 2085701024 ns
[    8.958603] NET: Registered protocol family 2
[    8.960397] TCP established hash table entries: 8192 (order: 4, 65536 bytes)
[    8.962224] TCP bind hash table entries: 8192 (order: 5, 131072 bytes)
[    8.963969] TCP: Hash tables configured (established 8192 bind 8192)
[    8.965730] UDP hash table entries: 512 (order: 2, 16384 bytes)
[    8.967274] UDP-Lite hash table entries: 512 (order: 2, 16384 bytes)
[    8.969009] NET: Registered protocol family 1
[    8.970259] pci 0000:00:00.0: Limiting direct PCI/PCI transfers
[    8.971807] pci 0000:00:01.0: Activating ISA DMA hang workarounds
[    8.974452] Trying to unpack rootfs image as initramfs...
[   10.544111] Freeing initrd memory: 8264K (ffff880036fcc000 - ffff8800377de000)
[   10.637800] clocksource: tsc: mask: 0xffffffffffffffff max_cycles: 0x285dad38e51, max_idle_ns: 440795212553 ns
[   10.981275] platform rtc_cmos: registered platform RTC device (no PNP device found)
[   11.232334] Scanning for low memory corruption every 60 seconds
[   11.419509] futex hash table entries: 512 (order: 3, 32768 bytes)
[   11.615661] audit: initializing netlink subsys (disabled)
[   11.789211] audit: type=2000 audit(1479436078.058:1): initialized
[   12.022011] Initialise system trusted keyring
[   12.180125] HugeTLB registered 2 MB page size, pre-allocated 0 pages
[   12.376079] zbud: loaded
[   12.469951] VFS: Disk quotas dquot_6.6.0
[   12.595747] VFS: Dquot-cache hash table entries: 512 (order 0, 4096 bytes)
[   12.827229] squashfs: version 4.0 (2009/01/31) Phillip Lougher
[   13.05442] fuse init (APveio7.)
[   13906]eyypbikerested[ 13.7303]llatg A K nd blacklisteyng
[   14.235472] Key type asymmetric registered
[   14.349806] Asymmetric key parser 'x509' registered
[   14.493210] Block layer SCSI generic (bsg) driver version 0.4 loaded (major 249)
[   14.726009] io scheduler noop registered
[   14.834399] io scheduler deadline registered (default)
[   15.003279] io scheduler cfq registered
[   15.133387] pci_hotplug: PCI Hot Plug PCI Core version: 0.5
[   15.317487] pciehp: PCI Express Hot Plug Controller Driver version: 0.4
[   15.609415] ACPI: AC Adapter [AC] (on-line)
[   15.809290] input: Power Button as /devices/LNXSYSTM:00/LNXPWRBN:00/input/input0
[   16.046710] ACPI: Power Button [PWRF]
[   16.161571] input: Sleep Button as /devices/LNXSYSTM:00/LNXSLPBN:00/input/input1
[   16.399169] ACPI: Sleep Button [SLPF]
[   16.525451] GHES: HEST is not enabled!
[   16.671969] Serial: 8250/16550 driver, 32 ports, IRQ sharing enabled
[   16.884399] 00:02: ttyS0 at I/O 0x3f8 (irq = 4, base_baud = 115200) is a 16550A
[   17.114584] Linux agpgart interface v0.103
[   17.283274] brd: module loaded
[   17.335828] loop: module loaded
[   17284]csho0:taii

[   17.783097] si st a_px
[   1038215] ata1: PATA max UDMA/33 cmd 0x1f0 ctl 0x3f6 bmdma 0xd000 irq 14
[   18.094058] ata2: PATA max UDMA/33 cmd 0x170 ctl 0x376 bmdma 0xd008 irq 15
[   18.095708] libphy: Fixed MDIO Bus: probed
[   18.096882] tun: Universal TUN/TAP device driver, 1.6
[   18.098064] tun: (C) 1999-2004 Max Krasnyansky <maxk@qualcomm.com>
[   18.099804] PPP generic driver version 2.4.2
[   18.101365] ehci_hcd: USB 2.0 'Enhanced' Host Controller (EHCI) Driver
[   18.102865] ehci-pci: EHCI PCI platform driver
[   18.103958] ehci-platform: EHCI generic platform driver
[   18.105332] ohci_hcd: USB 1.1 'Open' Host Controller (OHCI) Driver
[   18.106973] ohci-pci: OHCI PCI platform driver
[   18.108085] ohci-platform: OHCI generic platform driver
[   18.109319] uhci_hcd: USB Universal Host Controller Interface driver
[   18.110961] i8042: PNP: PS/2 Controller [PNP0303:PS2K,PNP0f03:PS2M] at 0x60,0x64 irq 1,12
[   18.113883] serio: i8042 KBD port at 0x60,0x64 irq 1
[   18.117299] serio: i8042 AUX port at 0x60,0x64 irq 12
[   18.121946] mousedev: PS/2 mouse device common for all mice
[   18.126509] input: AT Translated Set 2 keyboard as /devices/platform/i8042/serio0/input/input2
[   18.129802] rtc_cmos rtc_cmos: rtc core: registered rtc_cmos as rtc0
[   18.131464] rtc_cmos rtc_cmos: alarms up to one day, 114 bytes nvram
[   18.133139] i2c /dev entries driver
[   18.134246] device-mapper: uevent: version 1.0.3
[   18.135679] device-mapper: ioctl: 4.34.0-ioctl (2015-10-28) initialised: dm-devel@redhat.com
[   18.138019] ledtrig-cpu: registered to indicate activity on CPUs
[   18.141210] NET: Registered protocol family 10
[   18.142955] NET: Registered protocol family 17
[   18.144281] Key type dns_resolver registered
[   18.145856] microcode: CPU0: patch_level=0x010000bf
[   18.147403] microcode: CPU1: patch_level=0x010000bf
[   18.176321] microcode: Microcode Update Driver: v2.01 <tigran@aivazian.fsnet.co.uk>, Peter Oruba
[   18.179672] registered taskstats version 1
[   18.234195] Loading compiled-in X.509 certificates
[   18.289967] Loaded X.509 cert 'Build time autogenerated kernel key: f7bc719d96df7c6d6fed8f4b9fd5d4ff001383c8'
[   18.406142] zswap: loaded using pool lzo/zbud
[   18.480712] Key type trusted registered
[   18.539827] Key type encrypted registered
[   18.567535] AppArmor: AppArmor sha1 policy hashing enabled
[   18.644184] ima: No TPM chip found, activating TPM-bypass!
[   18.714927] evm: HMAC attrs: 0x1
[   18.759109]   Magic number: 8:518:460
[   18.813644] rtc_cmos rtc_cmos: setting system clock to 2016-11-18 02:28:03 UTC (1479436083)
[   18311]IO EDD facily .120-J-2 0evesou
  9.81] D foation n aille
 [   19.972389] Freeing unused kernel memory: 1480K (ffffffff81f43000 - ffffffff820b5000)
[   20.063978] Write protecting the kernel read-only data: 14336k
[   20.099499] Freeing unused kernel memory: 1804K (ffff88000183d000 - ffff880001a00000)
[   20.229238] Freeing unused kernel memory: 144K (ffff880001ddc000 - ffff880001e00000)
Loading, please wait...
starting version 229
[   20.384614] random: systemd-udevd: uninitialized urandom read (16 bytes read, 3 bits of entropy available)
[   20.387047] random: systemd-udevd: uninitialized urandom read (16 bytes read, 3 bits of entropy available)
[   20.391739] random: systemd-udevd: uninitialized urandom read (16 bytes read, 3 bits of entropy available)
[   20.392139] random: udevadm: uninitialized urandom read (16 bytes read, 3 bits of entropy available)
[   20.392197] random: udevadm: uninitialized urandom read (16 bytes read, 3 bits of entropy available)
[   20.392835] random: udevadm: uninitialized urandom read (16 bytes read, 3 bits of entropy available)
[   20.392899] random: udevadm: uninitialized urandom read (16 bytes read, 3 bits of entropy available)
[   20.392964] random: udevadm: uninitialized urandom read (16 bytes read, 3 bits of entropy available)
[   20.393023] random: udevadm: uninitialized urandom read (16 bytes read, 3 bits of entropy available)
[   20.393084] random: udevadm: uninitialized urandom read (16 bytes read, 3 bits of entropy available)
[   20.440944] e1000: Intel(R) PRO/1000 Network Driver - version 7.3.21-k8-NAPI
[   20.442678] e1000: Copyright (c) 1999-2006 Intel Corporation.
[   20.453065] Fusion MPT base driver 3.04.20
[   20.461632] Copyright (c) 1999-2008 LSI Corporation
[   20.471224] Fusion MPT SPI Host driver 3.04.20
[   20.673479] input: ImExPS/2 Generic Explorer Mouse as /devices/platform/i8042/serio1/input/input4
[   20.855703] e1000 0000:00:03.0 eth0: (PCI:33MHz:32-bit) 02:d0:b0:43:c2:9f
[   21.062545] e1000 0000:00:03.0 eth0: Intel(R) PRO/1000 Network Connection
[   21.271857] mptbase: ioc0: Initiating bringup
[   21.476810] ioc0: LSI53C1030 A0: Capabilities={Initiator}
[   21.749472] scsi host2: ioc0: LSI53C1030 A0, FwRev=00000000h, Ports=1, MaxQ=256, IRQ=20
[   22.086047] scsi 2:0:0:0: Direct-Access     VBOX     HARDDISK         1.0  PQ: 0 ANSI: 5
[   22.336185] scsi target2:0:0: Beginning Domain Validation
[   22.378647] scsi target2:0:0: Domain Validation skipping write tests
[   22.406345] scsi target2:0:0: Ending Domain Validation
[   22.421210] scsi target2:0:0: asynchronous
[   22.437901] scsi 2:0:1:0: Direct-Access     VBOX     HARDDISK         1.0  PQ: 0 ANSI: 5
[   22.471619] scsi target2:0:1: Beginning Domain Validation
[   22.497766] scsi target2:0:1: Domain Validation skipping write tests
[   22.517183] scsi target2:0:1: Ending Domain Validation
[   22.536414] scsi target2:0:1: asynchronous
[   22.660603] sd 2:0:0:0: Attached scsi generic sg0 type 0
[   22.678543] sd 2:0:0:0: [sda] 20971520 512-byte logical blocks: (10.7 GB/10.0 GiB)
[   22.681293] sd 2:0:0:0: [sda] Write Protect is off
[   22.682977] sd 2:0:0:0: [sda] Incomplete mode parameter data
[   22.684581] sd 2:0:0:0: [sda] Assuming drive cache: write through
[   22.687231] sd 2:0:1:0: Attached scsi generic sg1 type 0
[   22.689615] sd 2:0:1:0: [sdb] 20480 512-byte logical blocks: (10.5 MB/10.0 MiB)
[   22.689834] sd 2:0:1:0: [sdb] Write Protect is off
[   22.689973] sd 2:0:1:0: [sdb] Incomplete mode parameter data
[   22.689975] sd 2:0:1:0: [sdb] Assuming drive cache: write through
[   22.732568]  sda: sda1
[   22.734346] sd 2:0:1:0: [sdb] Attached SCSI disk
[   22.735939] sd 2:0:0:0: [sda] Attached SCSI disk
[   22.750666] e1000 0000:00:08.0 eth1: (PCI:33MHz:32-bit) 08:00:27:3c:c6:2c
[   22.750677] e1000 0000:00:08.0 eth1: Intel(R) PRO/1000 Network Connection
[   22.795879] e1000 0000:00:08.0 enp0s8: renamed from eth1
[   23.579965] floppy0: no floppy controllers found
[   23.880832] e1000 0000:00:03.0 enp0s3: renamed from eth0
Begin: Loading essential drivers ... [   25.407660] md: linear personality registered for level -1
[   25.580925] md: multipath personality registered for level -4
[   25.589752] md: raid0 personality registered for level 0
[   25.798668] md: raid1 personality registered for level 1
[   25.876228] raid6: sse2x1   gen()  3139 MB/s
[   25.980126] raid6: sse2x1   xor()  3655 MB/s
[   26.060068] raid6: sse2x2   gen()  4812 MB/s
[   26.131625] raid6: sse2x2   xor()  5828 MB/s
[   26.200141] raid6: sse2x4   gen()  5902 MB/s
[   26.324173] raid6: sse2x4   xor()  3876 MB/s
[   26.383715] raid6: using algorithm sse2x4 gen() 5902 MB/s
[   26.464700] raid6: .... xor() 3876 MB/s, rmw enabled
[   26.546849] raid6: using intx1 recovery algorithm
[   26.609897] xor: measuring software checksum speed
[   26.648018]    prefetch64-sse: 10281.000 MB/sec
[   26.776051]    generic_sse:  9827.000 MB/sec
[   26.934089] xor: using function: prefetch64-sse (10281.000 MB/sec)
[   27.154970] async_tx: api initialized (async)
[   27.199139] md: raid6 personality registered for level 6
[   27.206305] md: raid5 personality registered for level 5
[   27.207728] md: raid4 personality registered for level 4
[   27.224454] md: raid10 personality registered for level 10
done.
Begin: Running /scripts/init-premount ... done.
Begin: Mounting root file system ... Begin: Running /scripts/local-top ... done.
Begin: Running /scripts/local-premount ... [   27.285831] Btrfs loaded
Scanning for Btrfs filesystems
done.
Warning: fsck not present, so skipping root file system
[   27.480803] EXT4-fs (sda1): mounted filesystem with ordered data mode. Opts: (null)
done.
Begin: Running /scripts/local-bottom ... done.
Begin: Running /scripts/init-bottom ... Warning: overlayroot: debug is busted
done.
[   28.366341] systemd[1]: systemd 229 running in system mode. (+PAM +AUDIT +SELINUX +IMA +APPARMOR +SMACK +SYSVINIT +UTMP +LIBCRYPTSETUP +GCRYPT +GNUTLS +ACL +XZ -LZ4 +SECCOMP +BLKID +ELFUTILS +KMOD -IDN)
[   28.910503] systemd[1]: Detected virtualization oracle.
[   29.089583] systemd[1]: Detected architecture x86-64.

Welcome to [1mUbuntu 16.04.1 LTS[0m!

[   29.287264] systemd[1]: Set hostname to <saltminion2>.
[   29.463606] random: nonblocking pool is initialized
[   30.146832] systemd[1]: Listening on LVM2 poll daemon socket.
[[0;32m  OK  [0m] Listening on LVM2 poll daemon socket.
[   30.396397] systemd[1]: Listening on udev Control Socket.
[[0;32m  OK  [0m] Listening on udev Control Socket.
[   30.445135] systemd[1]: Created slice System Slice.
[[0;32m  OK  [0m] Created slice System Slice.
[   30.631392] systemd[1]: Listening on LVM2 metadata daemon socket.
[[0;32m  OK  [0m] Listening on LVM2 metadata daemon socket.
[   30.684339] systemd[1]: Reached target Swap.
[[0;32m  OK  [0m] Reached target Swap.
[   30.812536] systemd[1]: Listening on Syslog Socket.
[[0;32m  OK  [0m] Listening on Syslog Socket.
[   30.987314] systemd[1]: Listening on Journal Socket.
[[0;32m  OK  [0m] Listening on Journal Socket.
[   31.180658] systemd[1]: Starting Set console keymap...
         Starting Set console keymap...
[   31.354899] systemd[1]: Starting Create list of required static device nodes for the current kernel...
         Starting Create list of required st... nodes for the current kernel...
[   31.512521] systemd[1]: Mounting Debug File System...
         Mounting Debug File System...
[   31.595915] systemd[1]: Starting Uncomplicated firewall...
         Starting Uncomplicated firewall...
[   31.599887] systemd[1]: Mounting Huge Pages File System...
         Mounting Huge Pages File System...
[   31.604186] systemd[1]: Starting Nameserver information manager...
         Starting Nameserver information manager...
[   31.610788] systemd[1]: Started Forward Password Requests to Wall Directory Watch.
[[0;32m  OK  [0m] Started Forward Password Requests to Wall Directory Watch.
[   31.866863] systemd[1]: Starting Remount Root and Kernel File Systems...
[   31.887724] EXT4-fs (sda1): re-mounted. Opts: (null)
         Starting Remount Root and Kernel File Systems...
[   32.264647] systemd[1]: Listening on Journal Audit Socket.
[[0;32m  OK  [0m] Listening on Journal Audit Socket.
[   32.472444] systemd[1]: Reached target User and Group Name Lookups.
[[0;32m  OK  [0m] Reached target User and Group Name Lookups.
[   32.708352] systemd[1]: Listening on /dev/initctl Compatibility Named Pipe.
[[0;32m  OK  [0m] Listening on /dev/initctl Compatibility Named Pipe.
[   32.942783] systemd[1]: Created slice system-serial\x2dgetty.slice.
[[0;32m  OK  [0m] Created slice system-serial\x2dgetty.slice.
[   32.948975] systemd[1]: Listening on udev Kernel Socket.
[[0;32m  OK  [0m] Listening on udev Kernel Socket.
[   32.955915] systemd[1]: Set up automount Arbitrary Executable File Formats File System Automount Point.
[[0;32m  OK  [0m] Set up automount Arbitrary Executab...ats File System Automount Point.
[   33.027403] systemd[1]: Created slice User and Session Slice.
[[0;32m  OK  [0m] Created slice User and Session Slice.
[   33.296487] systemd[1]: Reached target Slices.
[[0;32m  OK  [0m] Reached target Slices.
[   33.452511] systemd[1]: Mounting POSIX Message Queue File System...
         Mounting POSIX Message Queue File System...
[   33.488462] systemd[1]: Reached target Encrypted Volumes.
[[0;32m  OK  [0m] Reached target Encrypted Volumes.
[ 33218]system[1]: Listening on Journ Ske(/ev/log
[[0;32m  OK  [0m] Listening on Journal Socket (/dev/log).
[   34.058703] systemd[1]: Starting Journal Service...
         Starting Journal Service...
[   34.064296] systemd[1]: Listening on Device-mapper event daemon FIFOs.
[[0;32m  OK  [0m] Listening on Device-mapper event daemon FIFOs.
[   34.076561] systemd[1]: Starting Monitoring of LVM2 mirrors, snapshots etc. using dmeventd or progress polling...
         Starting Monitoring of LVM2 mirrors... dmeventd or progress polling...
[   34.097408] systemd[1]: Starting Load Kernel Modules...
         Starting Load Kernel Modules...
[   34.126230] systemd[1]: Mounted Debug File System.
[[0;32m  OK  [0m] Mounted Debug File System.
[   34.129038] systemd[1]: Mounted Huge Pages File System.
[[0;32m  OK  [0m] Mounted Huge Pages File System.
[   34.138660] systemd[1]: Mounted POSIX Message Queue File System.
[[0;32m  OK  [0m] Mounted POSIX Message Queue File System.
[   34.144057] systemd[1]: Started Set console keymap.
[[0;32m  OK  [0m] Started Set console keymap.
[   34.147946] systemd[1]: Started Create list of required static device nodes for the current kernel.
[[0;32m  OK  [0m] Started Create list of required sta...ce nodes for the current kernel.
[   34.155525] systemd[1]: Started Uncomplicated firewall.
[[0;32m  OK  [0m] Started Uncomplicated firewall.
[   34.181852] systemd[1]: Started Remount Root and Kernel File Systems.
[[0;32m  OK  [0m] Started Remount Root and Kernel File Systems[   34.206153] Loading iSCSI transport class v2.0-870.
.
[   34.292840] systemd[1]: Started Nameserver information manager.
[[0;32m  OK  [0m] Started Nameserver information manager.
[   34.412176] iscsi: registered transport (tcp)
[   34.460811] systemd[1]: Starting Load/Save Random Seed...
         Starting Load/Save Random Seed...
[   34.494203] systemd[1]: Starting udev Coldplug all Devices...
         Starting udev Coldplug all Devices...
[   34.502963] systemd[1]: Starting Create Static Device Nodes in /dev...
         Starting Create Static Device Nodes in /dev...
[   34.510130] systemd[1]: Started Journal Service.
[[0;32m  OK  [0m] Started Journal Service.
[[0;32m  OK  [0m] Started LVM2 metadata daemon.
         Starting Flush Journal to Persistent Storage...
[[0;32m  OK  [0m] Started Load/Save Random Seed.
[   34.590892] iscsi: registered transport (iser)
[   34.617874] systemd-journald[415]: Received request to flush runtime journal from PID 1
[[0;32m  OK  [0m] Started udev Coldplug all Devices.
[[0;32m  OK  [0m] Started Load Kernel Modules.
[[0;32m  OK  [0m] Started Create Static Device Nodes in /dev.
[[0;32m  OK  [0m] Started Flush Journal to Persistent Storage.
         Starting udev Kernel Device Manager...
         Starting Apply Kernel Variables...
         Mounting FUSE Control File System...
[[0;32m  OK  [0m] Mounted FUSE Control File System.
[[0;32m  OK  [0m] Started Monitoring of LVM2 mirrors,...ng dmeventd or progress polling.
[[0;32m  OK  [0m] Started Apply Kernel Variables.
[[0;32m  OK  [0m] Started udev Kernel Device Manager.
[[0;32m  OK  [0m] Started Dispatch Password Requests to Console Directory Watch.
[[0;32m  OK  [0m] Reached target Local File Systems (Pre).
[[0;32m  OK  [0m] Reached target Local File Systems.
         Starting Run snappy firstboot setup...
         Starting LSB: AppArmor initialization...
         Starting Set console font and keymap...
         Starting Create Volatile Files and Directories...
         Starting Initial cloud-init job (pre-networking)...
         Starting Tell Plymouth To Write Out Runtime Data...
[[0;32m  OK  [0m] Started Tell Plymouth To Write Out Runtime Data.
[[0;32m  OK  [0m] Found device /dev/ttyS0.
[[0;32m  OK  [0m] Started Create Volatile Files and Directories.
         Starting Update UTMP about System Boot/Shutdown...
[[0;32m  OK  [0m] Reached target System Time Synchronized.
[[0;32m  OK  [0m] Listening on Load/Save RF Kill Switch Status /dev/rfkill Watch.
[[0;32m  OK  [0m] Started Update UTMP about System Boot/Shutdown.
[[0;32m  OK  [0m] Found device 82540EM Gigabit Ethern...r (PRO/1000 MT Desktop Adapter).
[[0;32m  OK  [0m] Found device 82540EM Gigabit Ethern...r (PRO/1000 MT Desktop Adapter).
[[0;32m  OK  [0m] Started Run snappy firstboot setup.
[[0;32m  OK  [0m] Started Set console font and keymap.
[[0;32m  OK  [0m] Created slice system-getty.slice.
[[0;32m  OK  [0m] Started LSB: AppArmor initialization.
[[0;32m  OK  [0m] Reached target System Initialization.
         Starting Socket activation for snappy daemon.
[[0;32m  OK  [0m] Listening on UUID daemon activation socket.
[[0;32m  OK  [0m] Started Timer to automatically refresh installed snaps.
[[0;32m  OK  [0m] Started ACPI Events Check.
[[0;32m  OK  [0m] Started Trigger resolvconf update for networkd DNS.
[[0;32m  OK  [0m] Reached target Paths.
[[0;32m  OK  [0m] Started Daily Cleanup of Temporary Directories.
[[0;32m  OK  [0m] Started Daily apt activities.
[[0;32m  OK  [0m] Reached target Timers.
[[0;32m  OK  [0m] Listening on D-Bus System Message Bus Socket.
[[0;32m  OK  [0m] Listening on ACPID Listen Socket.
         Starting LXD - unix socket.
[[0;32m  OK  [0m] Listening on Socket activation for snappy daemon.
[[0;32m  OK  [0m] Listening on LXD - unix socket.
[[0;32m  OK  [0m] Reached target Sockets.
[[0;32m  OK  [0m] Reached target Basic System.
         Starting LSB: Record successful boot for GRUB...
         Starting Accounts Service...
[[0;32m  OK  [0m] Started ACPI event daemon.
[[0;32m  OK  [0m] Started FUSE filesystem for LXC.
[[0;32m  OK  [0m] Started D-Bus System Message Bus.
         Starting LSB: MD monitoring daemon...
         Starting Login Service...
         Starting System Logging Service...
         Starting LXD - container startup/shutdown...
[[0;32m  OK  [0m] Started Snappy daemon.
[[0;32m  OK  [0m] Started Regular background program processing daemon.
[[0;32m  OK  [0m] Started Deferred execution scheduler.
[[0;32m  OK  [0m] Started Login Service.
         Starting Authenticate and Authorize Users to Run Privileged Tasks...
[[0;32m  OK  [0m] Started LSB: Record successful boot for GRUB.
[[0;32m  OK  [0m] Started System Logging Service.
[[0;32m  OK  [0m] Started LSB: MD monitoring daemon.
[[0;32m  OK  [0m] Started Authenticate and Authorize Users to Run Privileged Tasks.
[[0;32m  OK  [0m] Started Accounts Service.
[[0;32m  OK  [0m] Started LXD - container startup/shutdown.
[   41.529683] cloud-init[506]: Cloud-init v. 0.7.8 running 'init-local' at Fri, 18 Nov 2016 02:28:25 +0000. Up 40.73 seconds.
[[0;32m  OK  [0m] Started Initial cloud-init job (pre-networking).
[[0;32m  OK  [0m] Reached target Network (Pre).
[[0;32m  OK  [0m] Started ifup for enp0s8.
[[0;32m  OK  [0m] Started ifup for enp0s3.
         Starting Raise network interfaces...
[[0;32m  OK  [0m] Started Raise network interfaces.
         Starting Initial cloud-init job (metadata service crawler)...
[[0;32m  OK  [0m] Reached target Network.
         Starting A high performance web server and a reverse proxy server...
         Starting The Salt Minion...
[   43.940153] cloud-init[1131]: Cloud-init v. 0.7.8 running 'init' at Fri, 18 Nov 2016 02:28:27 +0000. Up 42.63 seconds.
[[0;32m  OK  [0m] Started Initial cloud-init job (metadata service crawler).
[   44.052980] cloud-init[1131]: ci-info: ++++++++++++++++++++++++++++++++++++++Net device info++++++++++++++++++++++++++++++++++++++
[   44.141657] cloud-init[1131]: ci-info: +--------+------+-----------------------------+---------------+-------+-------------------+
[[0;32m  OK  [0m] Reached target Network is Online.
[   44.142199] cloud-init[1131]: ci-info: | Device |  Up  |           Address           |      Mask     | Scope |     Hw-Address    |
         Starting /etc/rc.local Compatibility...
[   44.270111] cloud-init[1131]: ci-info: +--------+------+-----------------------------+---------------+-------+-------------------+
[   44.362455]          Starting iSCSI initiator daemon (iscsid)...
cloud-init[1131]: ci-info: | enp0s8 | True |        192.168.50.12        | 255.255.255.0 |   .   | 08:00:27:3c:c6:2c |
[   44.367029] cloud-init[1131]: ci-info: | enp0s8 | True | fe80::a00:27ff:fe3c:c62c/64 |       .       |  link | 08:00:27:3c:c6:2c |
[   44.465531] cloud-init[1131]: ci-info: |   lo   | True |          127.0.0.1          |   255.0.0.0   |   .   |         .         |
[[0;32m  OK  [0m] Reached target Cloud-config availability.
[   44.494827] cloud-init[1131]: ci-info: |   lo   | True |           ::1/128           |       .       |  host |         .         |
[   44.506749] cloud-init[1131]: ci-info: | enp0s3 | True |          10.0.2.15          | 255.255.255.0 |   .   | 02:d0:b0:43:c2:9f |
[   44.513251] cloud-init[1131]: ci-info: | enp0s3 | True |  fe80::d0:b0ff:fe43:c29f/64 |       .       |  link | 02:d0:b0:43:c2:9f |
[   44.519276] cloud-init[1131]: ci-info: +--------+------+-----------------------------+---------------+-------+-------------------+
[   44.524786] cloud-init[1131]: ci-info: ++++++++++++++++++++++++++++Route IPv4 info++++++++++++++++++++++++++++
[   44.529450] cloud-init[1131]: ci-info: +-------+--------------+----------+---------------+-----------+-------+
         Starting Apply the settings specified in cloud-config...
[   44.547500] cloud-init[1131]: ci-info: | Route | Destination  | Gateway  |    Genmask    | Interface | Flags |
[   44.549952] cloud-init[1131]: ci-info: +-------+--------------+----------+---------------+-----------+-------+
[   44.552005] cloud-init[1131]: ci-info: |   0   |   0.0.0.0    | 10.0.2.2 |    0.0.0.0    |   enp0s3  |   UG  |
[   44.554145] cloud-init[1131]: ci-info: |   1   |   10.0.2.0   | 0.0.0.0  | 255.255.255.0 |   enp0s3  |   U   |
[   44.557365] cloud-init[1131]: ci-info: |   2   | 192.168.50.0 | 0.0.0.0  | 255.255.255.0 |   enp0s8  |   U   |
[   44.560390] cloud-init[1131]: ci-info: +-------+--------------+----------+---------------+-----------+-------+
         Starting OpenBSD Secure Shell server...
[[0;32m  OK  [0m] Started /etc/rc.local Compatibility.
[[0;32m  OK  [0m] Started iSCSI initiator daemon (iscsid).
         Starting Login to default iSCSI targets...
[[0;32m  OK  [0m] Started A high performance web server and a reverse proxy server.
[[0;32m  OK  [0m] Started Login to default iSCSI targets.
[[0;32m  OK  [0m] Reached target Remote File Systems (Pre).
[[0;32m  OK  [0m] Reached target Remote File Systems.
         Starting LSB: Set the CPU Frequency Scaling governor to "ondemand"...
         Starting LSB: daemon to balance interrupts for SMP systems...
         Starting LSB: VirtualBox Linux Additions...
         Starting LSB: automatic crash report generation...
         Starting Permit User Sessions...
[[0;32m  OK  [0m] Started Permit User Sessions.
         Starting Hold until boot process finishes up...
         Starting Terminate Plymouth Boot Screen...
[[0;32m  OK  [0m] Started LSB: Set the CPU Frequency Scaling governor to "ondemand".
[[0;32m  OK  [0m] Started Hold until boot process finishes up.
[[0;32m  OK  [0m] Started Serial Getty on ttyS0.
         Starting Set console scheme...
[[0;32m  OK  [0m] Started Getty on tty1.
[[0;32m  OK  [0m] Reached target Login Prompts.
[[0;32m  OK  [0m] Started Terminate Plymouth Boot Screen.
[[0;32m  OK  [0m] Started OpenBSD Secure Shell server.
[[0;32m  OK  [0m] Started LSB: automatic crash report generation.
[[0;32m  OK  [0m] Started Set console scheme.
[[0;32m  OK  [0m] Started LSB: daemon to balance interrupts for SMP systems.
[[0;32m  OK  [0m] Started LSB: VirtualBox Linux Additions.
[[0;32m  OK  [0m] Started The Salt Minion.
[[0;32m  OK  [0m] Reached target Multi-User System.
[[0;32m  OK  [0m] Reached target Graphical Interface.
         Starting Update UTMP about System Runlevel Changes...
         Starting Notify bootloader that boot was successful...
[[0;32m  OK  [0m] Started Update UTMP about System Runlevel Changes.
[[0;32m  OK  [0m] Started Notify bootloader that boot was successful.
[   45.572748] cloud-init[1188]: Cloud-init v. 0.7.8 running 'modules:config' at Fri, 18 Nov 2016 02:28:29 +0000. Up 45.27 seconds.
[[0;32m  OK  [0m] Started Apply the settings specified in cloud-config.
         Starting Execute cloud user/final scripts...
[   46.615605] cloud-init[1316]: Cloud-init v. 0.7.8 running 'modules:final' at Fri, 18 Nov 2016 02:28:30 +0000. Up 46.27 seconds.
[   46.708953] cloud-init[1316]: Cloud-init v. 0.7.8 finished at Fri, 18 Nov 2016 02:28:31 +0000. Datasource DataSourceNoCloud [seed=/dev/sdb][dsmode=net].  Up 46.60 seconds
[[0;32m  OK  [0m] Started Execute cloud user/final scripts.
[[0;32m  OK  [0m] Created slice User Slice of ubuntu.
[[0;32m  OK  [0m] Started Session 1 of user ubuntu.
         Starting User Manager for UID 1000...
[[0;32m  OK  [0m] Reached target Cloud-init target.
[[0;32m  OK  [0m] Started User Manager for UID 1000.

Ubuntu 16.04.1 LTS saltminion2 ttyS0

saltminion2 login: 