[   0.000000] Initializing cgroup subsys cpuset
[    0.000000] Initializing cgroup subsys cpu
[    0.000000] Initialincgoup ssycpacct[  0.000000] Linux versn .4.0-45-geri(bilddgw-3) (gcceron5.4.00160 (Ubun 5.06ubunt~1042) ) #-Unt SMP W O 1 14:127 C 201(Unt 4.4.456-gener 4.2)[  000000]omand line: BOOT_IMAGE=/boot/vmlinuz-4.4.0-45-generic root=UUI9514f1-01-898561-38fa714 ro consoltt console=ttyS0
[    0.000000]ERL suppoedpu:
[  000000] IelGenuinnt
    0.000000] AM AutheicD
[  00000]   ntr entaurHaul
[  0.0000]86fpu: ga x7 FPU teed
[    0.0000x86/fpuUsg lazy' FPU context switches.
[    0.000000] e820: BIOS-provided physical RAM map:
[    0.000000] BIOS-e820: [mem 0x0000000000000000-0x000000000009fbff] usable
[    0.000000] BIOS-e820: [mem 0x000000000009fc00-0x000000000009ffff] reserved
[    0.000000] BIOS-e820: [mem 0x00000000000f0000-0x00000000000fffff] reserved
[    0.000000] BIOS-e820: [mem 0x0000000000100000-0x000000003ffeffff] usable
[    0.000000] BIOS-e820: [mem 0x000000003fff0000-0x000000003fffffff] ACPI data
[    0.000000] BIOS-e820: [mem 0x00000000fffc0000-0x00000000ffffffff] reserved
[    0.000000] NX (Execute Disable) protection: active
[    0.000000] SMBIOS 2.5 present.
[    0.000000] Hypervisor detected: KVM
[    0.000000] AGP: No AGP bridge found
[    0.000000] e820: last_pfn = 0x3fff0 max_arch_pfn = 0x400000000
[    0.000000] MTRR: Disabled
[    0.000000] x86/PAT: MTRRs disabled, skipping PAT initialization too.
[    0.000000] x86/PAT: Configuration [0-7]: WB  WT  UC- UC  WB  WT  UC- UC  
[    0.000000] CPU MTRRs all blank - virtualized system.
[    0.000000] found SMP MP-table at [mem 0x0009fff0-0x0009ffff] mapped at [ffff88000009fff0]
[    0.000000] Scanning 1 areas for low memory corruption
[    0.000000] RAMDISK: [mem 0x368c2000-0x37458fff]
[    0.000000] ACPI: Early table checksum verification disabled
[    0.000000] ACPI: RSDP 0x00000000000E0000 000024 (v02 VBOX  )
[    0.000000] ACPI: XSDT 0x000000003FFF0030 00003C (v01 VBOX   VBOXXSDT 00000001 ASL  00000061)
[    0.000000] ACPI: FACP 0x000000003FFF00F0 0000F4 (v04 VBOX   VBOXFACP 00000001 ASL  00000061)
[    0.000000] ACPI: DSDT 0x000000003FFF0470 002118 (v01 VBOX   VBOXBIOS 00000002 INTL 20160108)
[    0.000000] ACPI: FACS 0x000000003FFF0200 000040
[    0.000000] ACPI: FACS 0x000000003FFF0200 000040
[    0.000000] ACPI: APIC 0x000000003FFF0240 00005C (v02 VBOX   VBOXAPIC 00000001 ASL  00000061)
[    0.000000] ACPI: SSDT 0x000000003FFF02A0 0001CC (v01 VBOX   VBOXCPUT 00000002 INTL 20160108)
[    0.000000] No NUMA configuration found
[    0.000000] Faking a node at [mem 0x0000000000000000-0x000000003ffeffff]
[    0.000000] NODE_DATA(0) allocated [mem 0x3ffeb000-0x3ffeffff]
[    0.000000] kvm-clock: Using msrs 4b564d01 and 4b564d00
[    0.000000] kvm-clock: cpu 0, msr 0:3ffe7001, primary cpu clock
[    0.000000] kvm-clock: using sched offset of 3653905181 cycles
[    0.000000] clocksource: kvm-clock: mask: 0xffffffffffffffff max_cycles: 0x1cd42e4dffb, max_idle_ns: 881590591483 ns
[    0.000000] Zone ranges:
[    0.000000]   DMA      [mem 0x0000000000001000-0x0000000000ffffff]
[    0.000000]   DMA32    [mem 0x0000000001000000-0x000000003ffeffff]
[    0.000000]   Normal   empty
[    0.000000]   Device   empty
[    0.000000] Movable zone start for each node
[    0.000000] Early memory node ranges
[    0.000000]   node   0: [mem 0x0000000000001000-0x000000000009efff]
[    0.000000]   node   0: [mem 0x0000000000100000-0x000000003ffeffff]
[    0.000000] Initmem setup node 0 [mem 0x0000000000001000-0x000000003ffeffff]
[    0.000000] ACPI: PM-Timer IO Port: 0x4008
[    0.000000] IOAPIC[0]: apic_id 2, version 17, address 0xfec00000, GSI 0-23
[    0.000000] ACPI: INT_SRC_OVR (bus 0 bus_irq 0 global_irq 2 dfl dfl)
[    0.000000] ACPI: INT_SRC_OVR (bus 0 bus_irq 9 global_irq 9 high level)
[    0.000000] Using ACPI (MADT) for SMP configuration information
[    0.000000] smpboot: Allowing 2 CPUs, 0 hotplug CPUs
[    0.000000] PM: Registered nosave memory: [mem 0x00000000-0x00000fff]
[    0.000000] PM: Registered nosave memory: [mem 0x0009f000-0x0009ffff]
[    0.000000] PM: Registered nosave memory: [mem 0x000a0000-0x000effff]
[    0.000000] PM: Registered nosave memory: [mem 0x000f0000-0x000fffff]
[    0.000000] e820: [mem 0x40000000-0xfffbffff] available for PCI devices
[    0.000000] Booting paravirtualized kernel on KVM
[    0.000000] clocksource: refined-jiffies: mask: 0xffffffff max_cycles: 0xffffffff, max_idle_ns: 7645519600211568 ns
[    0.000000] setup_percpu: NR_CPUS:256 nr_cpumask_bits:256 nr_cpu_ids:2 nr_nodeds
    0.0000PERCPU: Embde33 pagecp@fff883f000 s98008 r819d268 u108576
  0.00000 Pqsinlockastale entries: 256 (order: 0, 4096 bytes)
[    0.000000] Built 1 zonelists in Node order, mobility grouping on.  Total pages: 257913
[    0.000000] Policy zone: DMA32
[    0.000000] Kernel command line: BOOT_IMAGE=/boot/vmlinuz-4.4.0-45-geriroot=UD=6a4f1-0761-4389-8561-38f92a793147 ro cooltt1 conse=yS
[    0.0000PID hashab etries: 409(oer 3, 32768bytes)
[    0.000000] AGP: Checking aperture...
[    0.000000] AGP: No AGP bridge found
[    0.000000] Memory: 1000768K/1048120K available (8409K kernel code, 1283K rwdata, 3944K rodata, 1480K init, 1292K bss, 452K reerv, K cma-seed
[    0.000000] SLUB: HWalign=64, Order=0-3, MinObjects=0, CPUs=2, Nodes=1
[    0.000000] Hierarchical RCU implementation.
[    0.000000] 	Build-time adjustment of leaf fanout to 64.
[    0.000000] 	RCU restricting CPUs from NR_CPUS=256 to nr_cpu_ids=2.
[    0.000000] RCU: Adjusting geometry for rcu_fanout_leaf=64, nr_cpu_ids=2
[    0.000000] NR_IRQS:16640 nr_irqs:440 16
[    0.000000] Console: colour VGA+ 80x25
[    0.000000] console [tty1] enabled
[    0.000000] console [ttyS0] enabled
[    0.000000] tsc: Detected 2799.448 MHz processor
[    0.000000] tsc: Marking TSC unstable due to TSCs unsynchronized
[    0.004000] Calibrating delay loop (skipped) preset value.. 5598.89 BogoMIPS (lpj=11197792)
[    0.004009] pid_max: default: 32768 minimum: 301
[    0.005099] ACPI: Core revision 20150930
[    0.007198] ACPI: 2 ACPI AML tables successfully acquired and loaded
[    0.008331] Security Framework initialized
[    0.009340] Yama: becoming mindful.
[    0.010243] AppArmor: AppArmor initialized
[    0.011323] Dentry cache hash table entries: 131072 (order: 8, 1048576 bytes)
[    0.012297] Inode-cache hash table entries: 65536 (order: 7, 524288 bytes)
[    0.016111] Mount-cache hash table entries: 2048 (order: 2, 16384 bytes)
[    0.017651] Mountpoint-cache hash table entries: 2048 (order: 2, 16384 bytes)
[    0.019368] Initializing cgroup subsys io
[    0.020008] Initializing cgroup subsys memory
[    0.021053] Initializing cgroup subsys devices
[    0.022103] Initializing cgroup subsys freezer
[    0.023150] Initializing cgroup subsys net_cls
[    0.024005] Initializing cgroup subsys perf_event
[    0.025117] Initializing cgroup subsys net_prio
[    0.026178] Initializing cgroup subsys hugetlb
[    0.027226] Initializing cgroup subsys pids
[    0.028091] CPU: Physical Processor ID: 0
[    0.029081] CPU: Processor Core ID: 0
[    0.029992] mce: CPU supports 0 MCE banks
[    0.030972] process: using AMD E400 aware idle routine
[    0.032007] Last level iTLB entries: 4KB 512, 2MB 16, 4MB 8
[    0.033267] Last level dTLB entries: 4KB 512, 2MB 128, 4MB 64, 1GB 0
[    0.037482] Freeing SMP alternatives memory: 32K (ffffffff820b4000 - ffffffff820bc000)
[    0.047111] ftrace: allocating 32007 entries in 126 pages
[    0.060142] smpboot: Max logical packages: 1
[    0.064006] smpboot: APIC(0) Converting physical 0 to logical package 0
[    0.069449] ..TIMER: vector=0x30 apic1=0 pin1=2 apic2=-1 pin2=-1
[    0.076000] smpboot: CPU0: AMD Athlon(tm) II X2 240 Processor (family: 0x10, model: 0x6, stepping: 0x2)
[    0.088013] Performance Events: Broken PMU hardware detected, using software events only.
[    0.096002] Failed to access perfctr msr (MSR c0010007 is 0)
[    0.100047] KVM setup paravirtual spinlock
[    0.104788] x86: Booting SMP configuration:
[    0.108005] .... node  #0, CPUs:      #1
[    0.004000] kvm-clock: cpu 1, msr 0:3ffe7041, secondary cpu clock
[    0.004000] mce: CPU supports 0 MCE banks
[    0.130918] x86: Booted up 1 node, 2 CPUs
[    0.132004] smpboot: Total of 2 processors activated (11197.79 BogoMIPS)
[    0.140220] devtmpfs: initialized
[    0.197205] evm: security.selinux
[    0.292017] evm: security.SMACK64
[    0.388006] evm: security.SMACK64EXEC
[    0.496010] evm: security.SMACK64TRANSMUTE
[    0.636014] evm: security.SMACK64MMAP
[    0.756010] evm: security.ima
[    0.856008] evm: security.capability
[    0.988329] clocksource: jiffies: mask: 0xffffffff max_cycles: 0xffffffff, max_idle_ns: 7645041785100000 ns
[    0.992141] pinctrl core: initialized pinctrl subsystem
[    0.996191] RTC time: 14:00:47, date: 11/15/16
[    1.004047] NET: Registered protocol family 16
[    1.020024] cpuidle: using governor ladder
[    1.036038] cpuidle: using governor menu
[    1.040041] PCCT header not found.
[    1.041219] ACPI: bus type PCI registered
[    1.042212] acpiphp: ACPI Hot Plug PCI Controller Driver version: 0.5
[    1.044022] PCI: Using configuration type 1 for base access
[    1.045360] PCI: Using configuration type 1 for extended access
[    1.060304] ACPI: Added _OSI(Module Device)
[    1.120128] ACPI: Added _OSI(Processor Device)
[    1.156017] ACPI: Added _OSI(3.0 _SCP Extensions)
[    1.308017] ACPI: Added _OSI(Processor Aggregator Device)
[    1.484691] ACPI: Executed 1 blocks of module-level executable AML code
[    1.702484] ACPI: Interpreter enabled
[    1.824018] ACPI Exception: AE_NOT_FOUND, While evaluating Sleep State [\_S1_] (20150930/hwxface-580)
[    2.112019] ACPI Exception: AE_NOT_FOUND, While evaluating Sleep State [\_S2_] (20150930/hwxface-580)
[    2.432013] ACPI Exception: AE_NOT_FOUND, While evaluating Sleep State [\_S3_] (20150930/hwxface-580)
[    2.760012] ACPI Exception: AE_NOT_FOUND, While evaluating Sleep State [\_S4_] (20150930/hwxface-580)
[    3.028029] ACPI: (supports S0 S5)
[    3.128019] ACPI: Using IOAPIC for interrupt routing
[    3.220426] PCI: Using host bridge windows from ACPI; if necessary, use "pci=nocrs" and report a bug
[    3.232000] ACPI: PCI Root Bridge [PCI0] (domain 0000 [bus 00-ff])
[    3.232000] acpi PNP0A03:00: _OSC: OS supports [ExtendedConfig ASPM ClockPM Segments MSI]
[    3.236010] acpi PNP0A03:00: _OSC failed (AE_NOT_FOUND); disabling ASPM
[    3.236222] PCI host bridge to bus 0000:00
[    3.237272] pci_bus 0000:00: root bus resource [io  0x0000-0x0cf7 window]
[    3.238803] pci_bus 0000:00: root bus resource [io  0x0d00-0xffff window]
[    3.244008] pci_bus 0000:00: root bus resource [mem 0x000a0000-0x000bffff window]
[    3.245906] pci_bus 0000:00: root bus resource [mem 0x40000000-0xffdfffff window]
[    3.247798] pci_bus 0000:00: root bus resource [bus 00-ff]
[    3.247798] pci 0000:00:01.1: legacy IDE quirk: reg 0x10: [io  0x01f0-0x01f7]
[    3.247798] pci 0000:00:01.1: legacy IDE quirk: reg 0x14: [io  0x03f6]
[    3.252004] pci 0000:00:01.1: legacy IDE quirk: reg 0x18: [io  0x0170-0x0177]
[    3.252004] pci 0000:00:01.1: legacy IDE quirk: reg 0x1c: [io  0x0376]
[    3.309338] ACPI: PCI Interrupt Link [LNKA] (IRQs 5 9 10 11) *0, disabled.
[    3.512276] ACPI: PCI Interrupt Link [LNKB] (IRQs 5 9 10 *11)
[    3.684467] ACPI: PCI Interrupt Link [LNKC] (IRQs 5 9 *10 11)
[    3.848474] ACPI: PCI Interrupt Link [LNKD] (IRQs 5 *9 10 11)
[    4.036538] ACPI: Enabled 2 GPEs in block 00 to 07
[    4.212097] vgaarb: setting as boot device: PCI:0000:00:02.0
[    4.216000] vgaarb: device added: PCI:0000:00:02.0,decodes=io+mem,owns=io+mem,locks=none
[    4.708017] vgaarb: loaded
[    4.812007] vgaarb: bridge control possible 0000:00:02.0
[    5.016353] SCSI subsystem initialized
[    5.148119] ACPI: bus type USB registered
[    5.264057] usbcore: registered new interface driver usbfs
[    5.440050] usbcore: registered new interface driver hub
[    5.608073] usbcore: registered new device driver usb
[    5.784233] PCI: Using ACPI for IRQ routing
[    5.924288] NetLabel: Initializing
[    6.048006] NetLabel:  domain hash size = 128
[    6.220007] NetLabel:  protocols = UNLABELED CIPSOv4
[    6.408029] NetLabel:  unlabeled traffic allowed by default
[    6.576117] amd_nb: Cannot enumerate AMD northbridges
[    6.760121] clocksource: Switched to clocksource kvm-clock
[    6.969203] AppArmor: AppArmor Filesystem Enabled
[    7.136843] pnp: PnP ACPI init
[    7.257917] pnp: PnP ACPI: found 3 devices
[    7.427271] clocksource: acpi_pm: mask: 0xffffff max_cycles: 0xffffff, max_idle_ns: 2085701024 ns
[    7.622154] NET: Registered protocol family 2
[    7.623782] TCP established hash table entries: 8192 (order: 4, 65536 bytes)
[    7.625451] TCP bind hash table entries: 8192 (order: 5, 131072 bytes)
[    7.626955] TCP: Hash tables configured (established 8192 bind 8192)
[    7.628532] UDP hash table entries: 512 (order: 2, 16384 bytes)
[    7.629911] UDP-Lite hash table entries: 512 (order: 2, 16384 bytes)
[    7.631480] NET: Registered protocol family 1
[    7.632583] pci 0000:00:00.0: Limiting direct PCI/PCI transfers
[    7.634017] pci 0000:00:01.0: Activating ISA DMA hang workarounds
[    7.636872] Trying to unpack rootfs image as initramfs...
[    7.900565] Freeing initrd memory: 11868K (ffff8800368c2000 - ffff880037459000)
[    7.907952] clocksource: tsc: mask: 0xffffffffffffffff max_cycles: 0x285a379b9d0, max_idle_ns: 440795327205 ns
[    7.908207] platform rtc_cmos: registered platform RTC device (no PNP device found)
[    7.9249] Scanning for low memory corruption every 60 seconds

[    7.908597] futex hash table entries: 512 (order: 3, 32768 bytes)
[    7.908624] audit: initializing netlink subsys (disabled)
[    7.908643] audit: type=2000 audit(1479218455.394:1): initialized
[    7.908933] Initialise system trusted keyring
[    7.909057] HugeTLB registered 2 MB page size, pre-allocated 0 pages
[    7.910886] zbud: loaded
[    7.911112] VFS: Disk quotas dquot_6.6.0
[    7.911147] VFS: Dquot-cache hash table entries: 512 (order 0, 4096 bytes)
[    7.911472] squashfs: version 4.0 (2009/01/31) Phillip Lougher
[    7.911755] fuse init (API version 7.23)
[    7.911907] Key type big_key registered
[    7.911930] Allocating IMA MOK and blacklist keyrings.
[    7.913237] Key type asymmetric registered
[    7.913250] Asymmetric key parser 'x509' registered
[    7.913327] Block layer SCSI generic (bsg) driver version 0.4 loaded (major 249)
[    7.913368] io scheduler noop registered
[    7.913370] io scheduler deadline registered (default)
[    7.913416] io scheduler cfq registered
[    7.913538] pci_hotplug: PCI Hot Plug PCI Core version: 0.5
[    7.913544] pciehp: PCI Express Hot Plug Controller Driver version: 0.4
[    7.913701] ACPI: AC Adapter [AC] (on-line)
[    7.913772] input: Power Button as /devices/LNXSYSTM:00/LNXPWRBN:00/input/input0
[    7.913780] ACPI: Power Button [PWRF]
[    7.913831] input: Sleep Button as /devices/LNXSYSTM:00/LNXSLPBN:00/input/input1
[    7.913832] ACPI: Sleep Button [SLPF]
[    7.913972] GHES: HEST is not enabled!
[    7.914074] Serial: 8250/16550 driver, 32 ports, IRQ sharing enabled
[    7.935203] 00:02: ttyS0 at I/O 0x3f8 (irq = 4, base_baud = 115200) is a 16550A
[    8.010518] Linux agpgart interface v0.103
[    8.028270] brd: module loaded
[    8.029473] loop: module loaded
[    8.030122] scsi host0: ata_piix
[    8.030205] scsi host1: ata_piix
[    8.030251] ata1: PATA max UDMA/33 cmd 0x1f0 ctl 0x3f6 bmdma 0xd000 irq 14
[    8.030252] ata2: PATA max UDMA/33 cmd 0x170 ctl 0x376 bmdma 0xd008 irq 15
[    8.037109] libphy: Fixed MDIO Bus: probed
[    8.037111] tun: Universal TUN/TAP device driver, 1.6
[    8.037112] tun: (C) 1999-2004 Max Krasnyansky <maxk@qualcomm.com>
[    8.037185] PPP generic driver version 2.4.2
[    8.037258] ehci_hcd: USB 2.0 'Enhanced' Host Controller (EHCI) Driver
[    8.037264] ehci-pci: EHCI PCI platform driver
[    8.037280] ehci-platform: EHCI generic platform driver
[    8.037289] ohci_hcd: USB 1.1 'Open' Host Controller (OHCI) Driver
[    8.037292] ohci-pci: OHCI PCI platform driver
[    8.037303] ohci-platform: OHCI generic platform driver
[    8.037311] uhci_hcd: USB Universal Host Controller Interface driver
[    8.037386] i8042: PNP: PS/2 Controller [PNP0303:PS2K,PNP0f03:PS2M] at 0x60,0x64 irq 1,12
[    8.040093] serio: i8042 KBD port at 0x60,0x64 irq 1
[    8.040097] serio: i8042 AUX port at 0x60,0x64 irq 12
[    8.040257] mousedev: PS/2 mouse device common for all mice
[    8.041753] rtc_cmos rtc_cmos: rtc core: registered rtc_cmos as rtc0
[    8.041825] rtc_cmos rtc_cmos: alarms up to one day, 114 bytes nvram
[    8.041835] i2c /dev entries driver
[    8.041913] device-mapper: uevent: version 1.0.3
[    8.041987] device-mapper: ioctl: 4.34.0-ioctl (2015-10-28) initialised: dm-devel@redhat.com
[    8.042019] ledtrig-cpu: registered to indicate activity on CPUs
[    8.042405] NET: Registered protocol family 10
[    8.042627] NET: Registered protocol family 17
[    8.042641] Key type dns_resolver registered
[    8.044788] microcode: CPU0: patch_level=0x010000bf
[    8.045734] microcode: CPU1: patch_level=0x010000bf
[    8.045769] microcode: Microcode Update Driver: v2.01 <tigran@aivazian.fsnet.co.uk>, Peter Oruba
[    8.045928] registered taskstats version 1
[    8.045943] Loading compiled-in X.509 certificates
[    8.047040] Loaded X.509 cert 'Build time autogenerated kernel key: 5295ae568fdd4deae5e4e5c175542790e6aaeab9'
[    8.047071] zswap: loaded using pool lzo/zbud
[    8.049374] Key type trusted registered
[    8.059369] Key type encrypted registered
[    8.059380] AppArmor: AppArmor sha1 policy hashing enabled
[    8.059384] ima: No TPM chip found, activating TPM-bypass!
[    8.059501] evm: HMAC attrs: 0x1
[    8.059807]   Magic number: 8:603:30
[    8.066734] rtc_cmos rtc_cmos: setting system clock to 2016-11-15 14:00:55 UTC (1479218455)
[    8.066892] BIOS EDD facility v0.16 2004-Jun-25, 0 devices found
[    8.066892] EDD information not available.
[    8.070556] input: AT Translated Set 2 keyboard as /devices/platform/i8042/serio0/input/input2
[    8.194814] Freeing unused kernel memory: 1480K (ffffffff81f42000 - ffffffff820b4000)
[    8.197821] Write protecting the kernel read-only data: 14336k
[    8.201136] Freeing unused kernel memory: 1820K (ffff880001839000 - ffff880001a00000)
[    8.204817] Freeing unused kernel memory: 152K (ffff880001dda000 - ffff880001e00000)
Loading, please wait...
starting version 229
[    8.249348] random: systemd-udevd: uninitialized urandom read (16 bytes read, 2 bits of entropy available)
[    8.250662] random: udevadm: uninitialized urandom read (16 bytes read, 2 bits of entropy available)
[    8.250758] random: udevadm: uninitialized urandom read (16 bytes read, 2 bits of entropy available)
[    8.250946] random: udevadm: uninitialized urandom read (16 bytes read, 2 bits of entropy available)
[    8.251012] random: udevadm: uninitialized urandom read (16 bytes read, 2 bits of entropy available)
[    8.251074] random: udevadm: uninitialized urandom read (16 bytes read, 2 bits of entropy available)
[    8.251136] random: udevadm: uninitialized urandom read (16 bytes read, 2 bits of entropy available)
[    8.251229] random: udevadm: uninitialized urandom read (16 bytes read, 2 bits of entropy available)
[    8.251287] random: udevadm: uninitialized urandom read (16 bytes read, 2 bits of entropy available)
[    8.251344] random: udevadm: uninitialized urandom read (16 bytes read, 2 bits of entropy available)
[    8.335424] e1000: Intel(R) PRO/1000 Network Driver - version 7.3.21-k8-NAPI
[    8.342684] e1000: Copyright (c) 1999-2006 Intel Corporation.
[    8.348541] Fusion MPT base driver 3.04.20
[    8.349862] Copyright (c) 1999-2008 LSI Corporation
[    8.359365] Fusion MPT SPI Host driver 3.04.20
[    8.561592] input: ImExPS/2 Generic Explorer Mouse as /devices/platform/i8042/serio1/input/input4
[    8.757233] e1000 0000:00:03.0 eth0: (PCI:33MHz:32-bit) 02:3b:10:fe:82:8d
[    8.758869] e1000 0000:00:03.0 eth0: Intel(R) PRO/1000 Network Connection
[    8.761706] mptbase: ioc0: Initiating bringup
[    9.616606] ioc0: LSI53C1030 A0: Capabilities={Initiator}
[    9.935385] scsi host2: ioc0: LSI53C1030 A0, FwRev=00000000h, Ports=1, MaxQ=256, IRQ=20
[   10.049579] scsi 2:0:0:0: Direct-Access     VBOX     HARDDISK         1.0  PQ: 0 ANSI: 5
[   10.079559] scsi target2:0:0: Beginning Domain Validation
[   10.082325] scsi target2:0:0: Domain Validation skipping write tests
[   10.083950] scsi target2:0:0: Ending Domain Validation
[   10.085566] scsi target2:0:0: asynchronous
[   10.087232] scsi 2:0:1:0: Direct-Access     VBOX     HARDDISK         1.0  PQ: 0 ANSI: 5
[   10.089572] scsi target2:0:1: Beginning Domain Validation
[   10.092365] scsi target2:0:1: Domain Validation skipping write tests
[   10.093982] scsi target2:0:1: Ending Domain Validation
[   10.112236] scsi target2:0:1: asynchronous
[   10.233629] sd 2:0:0:0: Attached scsi generic sg0 type 0
[   10.237849] sd 2:0:1:0: Attached scsi generic sg1 type 0
[   10.240523] sd 2:0:0:0: [sda] 20971520 512-byte logical blocks: (10.7 GB/10.0 GiB)
[   10.244170] sd 2:0:0:0: [sda] Write Protect is off
[   10.246140] sd 2:0:0:0: [sda] Incomplete mode parameter data
[   10.248039] sd 2:0:0:0: [sda] Assuming drive cache: write through
[   10.250785] sd 2:0:1:0: [sdb] 20480 512-byte logical blocks: (10.5 MB/10.0 MiB)
[   10.253979] sd 2:0:1:0: [sdb] Write Protect is off
[   10.255447] sd 2:0:1:0: [sdb] Incomplete mode parameter data
[   10.257003] sd 2:0:1:0: [sdb] Assuming drive cache: write through
[   10.287044]  sda: sda1
[   10.290314] sd 2:0:1:0: [sdb] Attached SCSI disk
[   10.294315] sd 2:0:0:0: [sda] Attached SCSI disk
[   10.429003] e1000 0000:00:08.0 eth1: (PCI:33MHz:32-bit) 08:00:27:03:b9:db
[   10.614748] e1000 0000:00:08.0 eth1: Intel(R) PRO/1000 Network Connection
[   10.823008] e1000 0000:00:03.0 enp0s3: renamed from eth0
[   10.996743] e1000 0000:00:08.0 enp0s8: renamed from eth1
[   11.352685] floppy0: no floppy controllers found
Begin: Loading e[   13.053237] md: linear personality registered for level -1
ssential drivers[   13.154092] md: multipath personality registered for level -4
 ... [   13.368885] md: raid0 personality registered for level 0
[   13.384808] md: raid1 personality registered for level 1
[   13.472078] raid6: sse2x1   gen()  2955 MB/s
[   13.580098] raid6: sse2x1   xor()  3688 MB/s
[   13.668080] raid6: sse2x2   gen()  3703 MB/s
[   13.800067] raid6: sse2x2   xor()  5406 MB/s
[   13.868059] raid6: sse2x4   gen()  5452 MB/s
[   13.936062] raid6: sse2x4   xor()  3623 MB/s
[   13.937113] raid6: using algorithm sse2x4 gen() 5452 MB/s
[   13.938346] raid6: .... xor() 3623 MB/s, rmw enabled
[   13.939501] raid6: using intx1 recovery algorithm
[   13.950574] xor: measuring software checksum speed
[   14.052368]    prefetch64-sse:  9109.000 MB/sec
[   14.168090]    generic_sse: 11288.000 MB/sec
[   14.169154] xor: using function: generic_sse (11288.000 MB/sec)
[   14.174235] async_tx: api initialized (async)
[   14.199363] md: raid6 personality registered for level 6
[   14.200878] md: raid5 personality registered for level 5
[   14.202120] md: raid4 personality registered for level 4
[   14.228974] md: raid10 personality registered for level 10
done.
Begin: Running /scripts/init-premount ... done.
Begin: Mounting root file system ... Begin: Running /scripts/local-top ... done.
Begin: Running /scripts/local-premount ... [   14.304717] Btrfs loaded
Scanning for Btrfs filesystems
done.
Warning: fsck not present, so sk[   14.460154] EXT4-fs (sda1): mounted filesystem with ordered data mode. Opts: (null)
ipping root file system
done.
Begin: Running /scripts/local-bottom ... done.
Begin: Running /scripts/init-bottom ... Warning: overlayroot: debug is busted
done.
[   15.602777] systemd[1]: systemd 229 running in system mode. (+PAM +AUDIT +SELINUX +IMA +APPARMOR +SMACK +SYSVINIT +UTMP +LIBCRYPTSETUP +GCRYPT +GNUTLS +ACL +XZ -LZ4 +SECCOMP +BLKID +ELFUTILS +KMOD -IDN)
[   15.642026] systemd[1]: Detected virtualization oracle.
[   15.643427] systemd[1]: Detected architecture x86-64.

Welcome to [1mUbuntu 16.04.1 LTS[0m!

[   15.671475] systemd[1]: Set hostname to <saltminion2>.
[   16.116 rdo nblki pl  itiiz
[ 17134]ysmd]:isni oud KneSocket.
[[0;32m  OK  [0m] Listening on udev Kernel Socket.
[ 17.7488] stemd1] Listengn sl Ske
[[0;32m  OK  [0m] Listening on Syslog Socket.
[ 18882]ysmd]:eaedtarget Encryedolmes.
[[0;32m  OK  [0m] Reached target Encrypted Volumes.
[  187214] systemd[1]: Listening on Dicmaerve dmoFIs.
[[0;32m  OK  [0m] Listening on Device-mapper event daemon FIFOs.
[ 19606]ysmd[1]: stin on udev Control Socket.
[[0;32m  OK  [0m] Listening on udev Control Socket.
[ 19892656syem[1]: Srt Fwa Pswd qutso llirtoy Watch.
[[0;32m  OK  [0m] Started Forward Password Requests to Wall Directory Watch.
[  20.7724]ysemd[1] Listening on Journal Socke(/v/g)

[[0;32m  OK  [0m] Listening on Journal Socket (/dev/log).
[ 21481]ysmd]:eaedaret User anGrp ame Lookups.
[[0;32m  OK  [0m] Reached target User and Group Name Lookups.
[ 21290] ste[1 Ltengn /dev/initctl Compatibility Named Pipe.

[[0;32m  OK  [0m] Listening on /dev/initctl Compatibility Named Pipe.
[   22.258840] systemd[1]: Set up automount Arbitrary Executable File Formats File System Automount Point.
[[0;32m  OK  [0m] Set up automount Arbitrary Executab...ats File System Automount Point.
[   22.300482] ste[1 Ltengn M2ol daemon socket.
[[0;32m  OK  [0m] Listening on LVM2 poll daemon socket.
[   22.684513] systemd[1]: Listening on Journal Socket.
[[0;32m  OK  [0m] Listening on Journal Socket.
[   22.686917] systemd[1]: Listening on LVM2 metadata daemon socket.
[[0;32m  OK  [0m] Listening on LVM2 metadata daemon socket.
[   22.690022] systemd[1]: Created slice User and Session Slice.
[[0;32m  OK  [0m] Created slice User and Session Slice.
[   22.693058] systemd[1]: Listening on Journal Audit Socket.
[[0;32m  OK  [0m] Listening on Journal Audit Socket.
[   22.695985] systemd[1]: Created slice System Slice.
[[0;32m  OK  [0m] Created slice System Slice.
[   22.712531] systemd[1]: Starting Nameserver information manager...
         Starting Nameserver information manager...
[   22.908466] systemd[1]: Reached target Slices.
[[0;32m  OK  [0m] Reached target Slices.
[  20690syem1]Crtesle st-siax2dget.sce
[[0;32m  OK  [0m] Created slice system-serial\x2dgetty.slice.
[   23.868971] systemd[1]: Starting Remount Root and Kernel File Systems...
[   23.903039] EXT4-fs (sda1): re-mounted. Opts: (null)
         Starting Remount Root and Kernel File Systems...
[   24.255849] systemd[1]: Starting Uncomplicated firewall...
         Starting Uncomplicated firewall...
[   24.468598] systemd[1]: Mounting Huge Pages File System...
         Mounting Huge Pages File System...
[   24.474596] systemd[1]: Mounting Debug File System...
         Mounting Debug File System...
[   24.478447] systemd[1]: Starting Monitoring of LVM2 mirrors, snapshots etc. using dmeventd or progress polling...
         Starting Monitoring of LVM2 mirrors... dmeventd or progress polling...
[   24.484787] systemd[1]: Starting Journal Service...
         Starting Journal Service...
[   24.488549] systemd[1]: Mounting POSIX Message Queue File System...
         Mounting POSIX Message Queue File System...
[   24.572921] systemd[1]: Starting Load Kernel Modules...
         Starting Load Kernel Modules...
[   24.591253] systemd[1]: Starting Set console keymap...
         Starting Set console keymap...
[   24.636650] systemd[1]: Starting Create list of required static device nodes for the current kernel...
         Starting Create list of required st... nodes for the current kernel...
[   24.652813] systemd[1]: Reached target Swap.
[[0;32m  OK  [0m] Reached target Swap.
[   24.662706] systemd[1]: Mounted Debug File System.
[[0;32m  OK  [0m] Mounted Debug File System.
[   24.690361] systemd[1]: Mounted Huge Pages File System.
[[0;32m  OK  [0m] Mounted Huge Pages File System.
[   24.694295] systemd[1]: Mounted POSIX Message Queue File System.
[[0;32m  OK  [0m] Mounted POSIX Message Queue File System.
[   24.709385] Loading iSCSI transport class v2.0-870.
[   24.726898] systemd[1]: Started Remount Root and Kernel File Systems.
[[0;32m  OK  [0m] Started Remount Root and Kernel File Systems.
[   24.741776] systemd[1]: Started Uncomplicated firewall.
[[0;32m  OK  [0m] Started Uncomplicated firewall.
[   24.784735] systemd[1]: Started Nameserver information manager.
[[0;32m  OK  [0m] Started Nameserver information manager.
[   24.814389] systemd[1]: Started Create list of required static device nodes for the current kernel.
[[0;32m  OK  [0m] Started Create list of required sta...ce nodes for the current kernel.
[   24.819870] systemd[1]: Started Journal Service.
[[0;32m  OK  [0m] Started Journal Service.
[   24.869419] iscsi: registered transport (tcp)
[[0;32m  OK  [0m] Started LVM2 metadata daemon.
         Starting Create Static Device Nodes in /dev...
         Starting Load/Save Random Seed...
         Starting Flush Journal to Persistent Storage...
         Starting udev Coldplug all Devices...
[[0;32m  OK  [0m] Started Set console keymap.
[[0;32m  OK  [0m] Started Load/Save Random Seed.
[   25.037276] systemd-journald[397]: Received request to flush runtime journal from PID 1
[[0;32m  OK  [0m] Started Flush Journal to Persistent Storage.
[[0;32m  OK  [0m] Started udev Coldplug all Devices.
[   25.206069] iscsi: registered transport (iser)
[[0;32m  OK  [0m] Started Load Kernel Modules.
         Starting Apply Kernel Variables...
         Mounting FUSE Control File System...
[[0;32m  OK  [0m] Started Create Static Device Nodes in /dev.
[[0;32m  OK  [0m] Started Apply Kernel Variables.
[[0;32m  OK  [0m] Mounted FUSE Control File System.
         Starting udev Kernel Device Manager...
[[0;32m  OK  [0m] Started Monitoring of LVM2 mirrors,...ng dmeventd or progress polling.
[[0;32m  OK  [0m] Started udev Kernel Device Manager.
[[0;32m  OK  [0m] Started Dispatch Password Requests to Console Directory Watch.
[[0;32m  OK  [0m] Reached target Local File Systems (Pre).
[[0;32m  OK  [0m] Reached target Local File Systems.
         Starting Create Volatile Files and Directories...
         Starting Tell Plymouth To Write Out Runtime Data...
         Starting Set console font and keymap...
         Starting LSB: AppArmor initialization...
         Starting Run snappy firstboot setup...
         Starting Initial cloud-init job (pre-networking)...
[[0;32m  OK  [0m] Started Tell Plymouth To Write Out Runtime Data.
[[0;32m  OK  [0m] Found device /dev/ttyS0.
[[0;32m  OK  [0m] Listening on Load/Save RF Kill Switch Status /dev/rfkill Watch.
[[0;32m  OK  [0m] Found device 82540EM Gigabit Ethern...r (PRO/1000 MT Desktop Adapter).
[[0;32m  OK  [0m] Started Create Volatile Files and Directories.
[[0;32m  OK  [0m] Found device 82540EM Gigabit Ethern...r (PRO/1000 MT Desktop Adapter).
[[0;32m  OK  [0m] Reached target System Time Synchronized.
         Starting Update UTMP about System Boot/Shutdown...
[[0;32m  OK  [0m] Started Update UTMP about System Boot/Shutdown.
[[0;32m  OK  [0m] Started Set console font and keymap.
[[0;32m  OK  [0m] Started Run snappy firstboot setup.
[[0;32m  OK  [0m] Created slice system-getty.slice.
[[0;32m  OK  [0m] Started LSB: AppArmor initialization.
[[0;32m  OK  [0m] Reached target System Initialization.
[[0;32m  OK  [0m] Started Timer to automatically refresh installed snaps.
         Starting LXD - unix socket.
[[0;32m  OK  [0m] Started Daily Cleanup of Temporary Directories.
[[0;32m  OK  [0m] Started Daily apt activities.
[[0;32m  OK  [0m] Reached target Timers.
[[0;32m  OK  [0m] Listening on UUID daemon activation socket.
[[0;32m  OK  [0m] Started Trigger resolvconf update for networkd DNS.
[[0;32m  OK  [0m] Listening on ACPID Listen Socket.
         Starting Socket activation for snappy daemon.
[[0;32m  OK  [0m] Listening on D-Bus System Message Bus Socket.
[[0;32m  OK  [0m] Started ACPI Events Check.
[[0;32m  OK  [0m] Reached target Paths.
[[0;32m  OK  [0m] Listening on LXD - unix socket.
[[0;32m  OK  [0m] Listening on Socket activation for snappy daemon.
[[0;32m  OK  [0m] Reached target Sockets.
[[0;32m  OK  [0m] Reached target Basic System.
[[0;32m  OK  [0m] Started Snappy daemon.
         Starting Accounts Service...
[[0;32m  OK  [0m] Started ACPI event daemon.
[[0;32m  OK  [0m] Started Regular background program processing daemon.
         Starting System Logging Service...
         Starting Login Service...
         Starting LSB: Record successful boot for GRUB...
[[0;32m  OK  [0m] Started FUSE filesystem for LXC.
         Starting LSB: MD monitoring daemon...
[[0;32m  OK  [0m] Started D-Bus System Message Bus.
         Starting LXD - container startup/shutdown...
[[0;32m  OK  [0m] Started Deferred execution scheduler.
[[0;32m  OK  [0m] Started System Logging Service.
[[0;32m  OK  [0m] Started Login Service.
[[0;32m  OK  [0m] Started LSB: MD monitoring daemon.
         Starting Authenticate and Authorize Users to Run Privileged Tasks...
[[0;32m  OK  [0m] Started LSB: Record successful boot for GRUB.
[[0;32m  OK  [0m] Started Authenticate and Authorize Users to Run Privileged Tasks.
[[0;32m  OK  [0m] Started Accounts Service.
[[0;32m  OK  [0m] Started LXD - container startup/shutdown.
[   32.519860] cloud-init[502]: Cloud-init v. 0.7.8 running 'init-local' at Tue, 15 Nov 2016 14:01:18 +0000. Up 31.64 seconds.
[[0;32m  OK  [0m] Started Initial cloud-init job (pre-networking).
[[0;32m  OK  [0m] Reached target Network (Pre).
         Starting Raise network interfaces...
[[0;32m  OK  [0m] Started ifup for enp0s8.
[[0;32m  OK  [0m] Started ifup for enp0s3.
[[0;32m  OK  [0m] Started Raise network interfaces.
         Starting Initial cloud-init job (metadata service crawler)...
[[0;32m  OK  [0m] Reached target Network.
[[0;32m  OK  [0m] Started Supervisor process control system for UNIX.
         Starting The Salt Minion...
         Starting A high performance web server and a reverse proxy server...
[   35.607595] cloud-init[1132]: Cloud-init v. 0.7.8 running 'init' at Tue, 15 Nov 2016 14:01:21 +0000. Up 33.71 seconds.
[   35.610254] cloud-init[1132]: ci-info: ++++++++++++++++++++++++++++++++++++++Net device info++++++++++++++++++++++++++++++++++++++
[   35.613975] cloud-init[1132]: ci-info: +--------+------+-----------------------------+---------------+-------+-------------------+
[   35.617157] cloud-init[1132]: ci-info: | Device |  Up  |           Address           |      Mask     | Scope |     Hw-Address    |
[   35.628568] cloud-init[1132]: ci-info: +--------+------+-----------------------------+---------------+-------+-------------------+
[   35.641756] cloud-init[1132]: ci-info: | enp0s3 | True |          10.0.2.15          | 255.255.255.0 |   .   | 02:3b:10:fe:82:8d |
[   35.644438] cloud-init[1132]: ci-info: | enp0s3 | True |  fe80::3b:10ff:fefe:828d/64 |       .       |  link | 02:3b:10:fe:82:8d |
[   35.646951] cloud-init[1132]: ci-info: |   lo   | True |          127.0.0.1          |   255.0.0.0   |   .   |         .         |
[   35.652575] cloud-init[1132]: ci-info: |   lo   | True |           ::1/128           |       .       |  host |         .         |
[   35.657652] cloud-init[1132]: ci-info: | enp0s8 | True |        192.168.50.12        | 255.255.255.0 |   .   | 08:00:27:03:b9:db |
[   35.660464] cloud-init[1132]: ci-info: | enp0s8 | True | fe80::a00:27ff:fe03:b9db/64 |       .       |  link | 08:00:27:03:b9:db |
[   35.663052] cloud-init[1132]: ci-info: +--------+------+-----------------------------+---------------+-------+-------------------+
[   35.666520] cloud-init[1132]: ci-info: ++++++++++++++++++++++++++++Route IPv4 info++++++++++++++++++++++++++++
[   35.705430] cloud-init[1132]: ci-info: +-------+--------------+----------+---------------+-----------+-------+
[   35.707964] cloud-init[1132]: ci-info: | Route | Destination  | Gateway  |    Genmask    | Interface | Flags |
[   35.711324] cloud-init[1132]: ci-info: +-------+--------------+----------+---------------+-----------+-------+
[   35.716113] [[0;32m  OK  [0m] Started Initial cloud-init job (metadata service crawler).
cloud-init[1132]: ci-info: |   0   |   0.0.0.0    | 10.0.2.2 |    0.0.0.0    |   enp0s3  |   UG  |
[   35.772683] [[0;32m  OK  [0m] Reached target Cloud-config availability.
cloud-init[1132]: ci-info: |   1   |   10.0.2.0   | 0.0.0.0  | 255.255.255.0 |   enp0s3  |   U   |
[[0;32m  OK  [0m] Reached target Network is Online.
[   35.773941] cloud-init[1132]: ci-info: |   2   | 192.168.50.0 | 0.0.0.0  | 255.255.255.0 |   enp0s8  |   U   |
[   35.883430]          Starting Apply the settings specified in cloud-config...
cloud-init[1132]: ci-info: +-------+--------------+----------+---------------+-----------+-------+
         Starting /etc/rc.local Compatibility...
         Starting iSCSI initiator daemon (iscsid)...
         Starting OpenBSD Secure Shell server...
[[0;32m  OK  [0m] Started /etc/rc.local Compatibility.
[[0;32m  OK  [0m] Started iSCSI initiator daemon (iscsid).
         Starting Login to default iSCSI targets...
[[0;32m  OK  [0m] Started Login to default iSCSI targets.
[[0;32m  OK  [0m] Reached target Remote File Systems (Pre).
[[0;32m  OK  [0m] Reached target Remote File Systems.
         Starting LSB: VirtualBox Linux Additions...
         Starting LSB: daemon to balance interrupts for SMP systems...
         Starting LSB: automatic crash report generation...
         Starting Permit User Sessions...
         Starting LSB: Set the CPU Frequency Scaling governor to "ondemand"...
[[0;32m  OK  [0m] Started Permit User Sessions.
         Starting Terminate Plymouth Boot Screen...
         Starting Hold until boot process finishes up...
[[0;32m  OK  [0m] Started LSB: Set the CPU Frequency Scaling governor to "ondemand".
[[0;32m  OK  [0m] Started Hold until boot process finishes up.
[[0;32m  OK  [0m] Started Terminate Plymouth Boot Screen.
[[0;32m  OK  [0m] Started Serial Getty on ttyS0.
[[0;32m  OK  [0m] Started Getty on tty1.
[[0;32m  OK  [0m] Reached target Login Prompts.
         Starting Set console scheme...
[[0;32m  OK  [0m] Started OpenBSD Secure Shell server.
[[0;32m  OK  [0m] Started LSB: daemon to balance interrupts for SMP systems.
[[0;32m  OK  [0m] Started A high performance web server and a reverse proxy server.
[   37.084280] cloud-init[1183]: Cloud-init v. 0.7.8 running 'modules:config' at Tue, 15 Nov 2016 14:01:23 +0000. Up 36.49 seconds.
[[0;32m  OK  [0m] Started Set console scheme.
[[0;32m  OK  [0m] Started LSB: automatic crash report generation.
[[0;32m  OK  [0m] Started Apply the settings specified in cloud-config.
[[0;32m  OK  [0m] Started LSB: VirtualBox Linux Additions.
[[0;32m  OK  [0m] Started The Salt Minion.
[[0;32m  OK  [0m] Reached target Multi-User System.
[[0;32m  OK  [0m] Reached target Graphical Interface.
         Starting Notify bootloader that boot was successful...
         Starting Update UTMP about System Runlevel Changes...
         Starting Execute cloud user/final scripts...
[[0;32m  OK  [0m] Started Notify bootloader that boot was successful.
[[0;32m  OK  [0m] Started Update UTMP about System Runlevel Changes.
[[0;32m  OK  [0m] Created slice User Slice of ubuntu.
         Starting User Manager for UID 1000...
[[0;32m  OK  [0m] Started Session 1 of user ubuntu.
[[0;32m  OK  [0m] Started User Manager for UID 1000.
[   39.198600] cloud-init[1325]: Cloud-init v. 0.7.8 running 'modules:final' at Tue, 15 Nov 2016 14:01:26 +0000. Up 38.73 seconds.
[   39.201373] cloud-init[1325]: Cloud-init v. 0.7.8 finished at Tue, 15 Nov 2016 14:01:26 +0000. Datasource DataSourceNoCloud [seed=/dev/sdb][dsmode=net].  Up 39.18 seconds
[[0;32m  OK  [0m] Started Execute cloud user/final scripts.
[[0;32m  OK  [0m] Reached target Cloud-init target.

Ubuntu 16.04.1 LTS saltminion2 ttyS0

saltminion2 login: 