[    0.000000] Initializing cgroup subsys cpuset
[    0.000000] Initializing cgroup subsys cpu
[    0.000000] Initializing cgroup subsys cpuacct
[    0.000000] Linux version 4.4.0-45-generic (buildd@lgw01-34) (gcc version 5.4.0 20160609 (Ubuntu 5.4.0-6ubuntu1~16.04.2) ) #66-Ubuntu SMP Wed Oct 19 14:12:37 UTC 2016 (Ubuntu 4.4.0-45.66-generic 4.4.21)
[    0.000000] Command line: BOOT_IMAGE=/boot/vmlinuz-4.4.0-45-generic root=UUID=956a14f1-0761-4389-8561-38f92a793147 ro console=tty1 console=ttyS0
[    0.000000] KERNEL supported cpus:
[    0.000000]   Intel GenuineIntel
[    0.000000]   AMD AuthenticAMD
[    0.000000]   Centaur CentaurHauls
[    0.000000] x86/fpu: Legacy x87 FPU detected.
[    0.000000] x86/fpu: Using 'lazy' FPU context switches.
[    0.000000] e820: BIOS-provided physical RAM map:
[    0.000000] BIOS-e820: [mem 0x0000000000000000-0x000000000009fbff] usable
[    0.000000] BIOS-e820: [mem 0x000000000009fc00-0x000000000009ffff] reserved
[    0.000000] BIOS-e820: [mem 0x00000000000f0000-0x00000000000fffff] reserved
[    0.000000] BIOS-e820: [mem 0x0000000000100000-0x000000003ffeffff] usable
[    0.000000] BIOS-e820: [mem 0x000000003fff0000-0x000000003fffffff] ACPI data
[    0.000000] BIOS-e820: [mem 0x00000000fffc0000-0x00000000ffffffff] reserved
[    0.000000] NX (Execute Disable) protection: active
[    0.000000] SMBIOS 2.5 present.
[    0.000000] Hypervisor detected: KVM
[    0.000000] AGP: No AGP bridge found
[    0.000000] e820: last_pfn = 0x3fff0 max_arch_pfn = 0x400000000
[    0.000000] MTRR: Disabled
[    0.000000] x86/PAT: MTRRs disabled, skipping PAT initialization too.
[    0.000000] x86/PAT: Configuration [0-7]: WB  WT  UC- UC  WB  WT  UC- UC  
[    0.000000] CPU MTRRs all blank - virtualized system.
[    0.000000] found SMP MP-table at [mem 0x0009fff0-0x0009ffff] mapped at [ffff88000009fff0]
[    0.000000] Scanning 1 areas for low memory corruption
[    0.000000] RAMDISK: [mem 0x368c2000-0x37458fff]
[    0.000000] ACPI: Early table checksum verification disabled
[    0.000000] ACPI: RSDP 0x00000000000E0000 000024 (v02 VBOX  )
[    0.000000] ACPI: XSDT 0x000000003FFF0030 00003C (v01 VBOX   VBOXXSDT 00000001 ASL  00000061)
[    0.000000] ACPI: FACP 0x000000003FFF00F0 0000F4 (v04 VBOX   VBOXFACP 00000001 ASL  00000061)
[    0.000000] ACPI: DSDT 0x000000003FFF0470 002118 (v01 VBOX   VBOXBIOS 00000002 INTL 20160108)
[    0.000000] ACPI: FACS 0x000000003FFF0200 000040
[    0.000000] ACPI: FACS 0x000000003FFF0200 000040
[    0.000000] ACPI: APIC 0x000000003FFF0240 00005C (v02 VBOX   VBOXAPIC 00000001 ASL  00000061)
[    0.000000] ACPI: SSDT 0x000000003FFF02A0 0001CC (v01 VBOX   VBOXCPUT 00000002 INTL 20160108)
[    0.000000] No NUMA configuration found
[    0.000000] Faking a node at [mem 0x0000000000000000-0x000000003ffeffff]
[    0.000000] NODE_DATA(0) allocated [mem 0x3ffeb000-0x3ffeffff]
[    0.000000] kvm-clock: Using msrs 4b564d01 and 4b564d00
[    0.000000] kvm-clock: cpu 0, msr 0:3ffe7001, primary cpu clock
[    0.000000] kvm-clock: using sched offset of 3698382204 cycles
[    0.000000] clocksource: kvm-clock: mask: 0xffffffffffffffff max_cycles: 0x1cd42e4dffb, max_idle_ns: 881590591483 ns
[    0.000000] Zone ranges:
[    0.000000]   DMA      [mem 0x0000000000001000-0x0000000000ffffff]
[    0.000000]   DMA32    [mem 0x0000000001000000-0x000000003ffeffff]
[    0.000000]   Normal   empty
[    0.000000]   Device   empty
[    0.000000] Movable zone start for each node
[    0.000000] Early memory node ranges
[    0.000000]   node   0: [mem 0x0000000000001000-0x000000000009efff]
[    0.000000]   node   0: [mem 0x0000000000100000-0x000000003ffeffff]
[    0.000000] Initmem setup node 0 [mem 0x0000000000001000-0x000000003ffeffff]
[    0.000000] ACPI: PM-Timer IO Port: 0x4008
[    0.000000] IOAPIC[0]: apic_id 2, version 17, address 0xfec00000, GSI 0-23
[    0.000000] ACPI: INT_SRC_OVR (bus 0 bus_irq 0 global_irq 2 dfl dfl)
[    0.000000] ACPI: INT_SRC_OVR (bus 0 bus_irq 9 global_irq 9 high level)
[    0.000000] Using ACPI (MADT) for SMP configuration information
[    0.000000] smpboot: Allowing 2 CPUs, 0 hotplug CPUs
[    0.000000] PM: Registered nosave memory: [mem 0x00000000-0x00000fff]
[    0.000000] PM: Registered nosave memory: [mem 0x0009f000-0x0009ffff]
[    0.000000] PM: Registered nosave memory: [mem 0x000a0000-0x000effff]
[    0.000000] PM: Registered nosave memory: [mem 0x000f0000-0x000fffff]
[    0.000000] e820: [mem 0x40000000-0xfffbffff] available for PCI devices
[    0.000000] Booting paravirtualized kernel on KVM
[    0.000000] clocksource: refined-jiffies: mask: 0xffffffff max_cycles: 0xffffffff, max_idle_ns: 7645519600211568 ns
[    0.000000] setup_percpu: NR_CPUS:256 nr_cpumask_bits:256 nr_cpu_ids:2 nr_node_ids:1
[    0.000000] PERCPU: Embedded 33 pages/cpu @ffff88003fc00000 s98008 r8192 d28968 u1048576
[    0.000000] PV qspinlock hash table entries: 256 (order: 0, 4096 bytes)
[    0.000000] Built 1 zonelists in Node order, mobility grouping on.  Total pages: 257913
[    0.000000] Policy zone: DMA32
[    0.000000] Kernel command line: BOOT_IMAGE=/boot/vmlinuz-4.4.0-45-generic root=UUID=956a14f1-0761-4389-8561-38f92a793147 ro console=tty1 console=ttyS0
[    0.000000] PID hash table entries: 4096 (order: 3, 32768 bytes)
[    0.000000] AGP: Checking aperture...
[    0.000000] AGP: No AGP bridge found
[    0.000000] Memory: 1000768K/1048120K available (8409K kernel code, 1283K rwdata, 3944K rodata, 1480K init, 1292K bss, 47352K reserved, 0K cma-reserved)
[    0.000000] SLUB: HWalign=64, Order=0-3, MinObjects=0, CPUs=2, Nodes=1
[    0.000000] Hierarchical RCU implementation.
[    0.000000] 	Build-time adjustment of leaf fanout to 64.
[    0.000000] 	RCU restricting CPUs from NR_CPUS=256 to nr_cpu_ids=2.
[    0.000000] RCU: Adjusting geometry for rcu_fanout_leaf=64, nr_cpu_ids=2
[    0.000000] NR_IRQS:16640 nr_irqs:440 16
[    0.000000] Console: colour VGA+ 80x25
[    0.000000] console [tty1] enabled
[    0.000000] console [ttyS0] enabled
[    0.000000] tsc: Detected 2799.448 MHz processor
[    0.000000] tsc: Marking TSC unstable due to TSCs unsynchronized
[    0.004000] Calibrating delay loop (skipped) preset value.. 5598.89 BogoMIPS (lpj=11197792)
[    0.004000] pid_max: default: 32768 minimum: 301
[    0.004000] ACPI: Core revision 20150930
[    0.004000] ACPI: 2 ACPI AML tables successfully acquired and loaded
[    0.004000] Security Framework initialized
[    0.004000] Yama: becoming mindful.
[    0.004000] AppArmor: AppArmor initialized
[    0.004000] Dentry cache hash table entries: 131072 (order: 8, 1048576 bytes)
[    0.004000] Inode-cache hash table entries: 65536 (order: 7, 524288 bytes)
[    0.004000] Mount-cache hash table entries: 2048 (order: 2, 16384 bytes)
[    0.004000] Mountpoint-cache hash table entries: 2048 (order: 2, 16384 bytes)
[    0.004255] Initializing cgroup subsys io
[    0.005258] Initializing cgroup subsys memory
[    0.006339] Initializing cgroup subsys devices
[    0.008007] Initializing cgroup subsys freezer
[    0.009100] Initializing cgroup subsys net_cls
[    0.010173] Initializing cgroup subsys perf_event
[    0.012005] Initializing cgroup subsys net_prio
[    0.013118] Initializing cgroup subsys hugetlb
[    0.014202] Initializing cgroup subsys pids
[    0.016125] CPU: Physical Processor ID: 0
[    0.017103] CPU: Processor Core ID: 0
[    0.018025] mce: CPU supports 0 MCE banks
[    0.020018] process: using AMD E400 aware idle routine
[    0.021189] Last level iTLB entries: 4KB 512, 2MB 16, 4MB 8
[    0.022446] Last level dTLB entries: 4KB 512, 2MB 128, 4MB 64, 1GB 0
[    0.024000] Freeing SMP alternatives memory: 32K (ffffffff820b4000 - ffffffff820bc000)
[    0.034661] ftrace: allocating 32007 entries in 126 pages
[    0.048178] smpboot: Max logical packages: 1
[    0.049472] smpboot: APIC(0) Converting physical 0 to logical package 0
[    0.053094] ..TIMER: vector=0x30 apic1=0 pin1=2 apic2=-1 pin2=-1
[    0.060000] smpboot: CPU0: AMD Athlon(tm) II X2 240 Processor (family: 0x10, model: 0x6, stepping: 0x2)
[    0.060000] Performance Events: Broken PMU hardware detected, using software events only.
[    0.060007] Failed to access perfctr msr (MSR c0010007 is 0)
[    0.061395] KVM setup paravirtual spinlock
[    0.063237] x86: Booting SMP configuration:
[    0.064011] .... node  #0, CPUs:      #1
[    0.004000] kvm-clock: cpu 1, msr 0:3ffe7041, secondary cpu clock
[    0.004000] mce: CPU supports 0 MCE banks
[    0.120012] x86: Booted up 1 node, 2 CPUs
[    0.121285] smpboot: Total of 2 processors activated (11197.79 BogoMIPS)
[    0.123407] devtmpfs: initialized
[    0.128269] evm: security.selinux
[    0.129363] evm: security.SMACK64
[    0.130277] evm: security.SMACK64EXEC
[    0.131197] evm: security.SMACK64TRANSMUTE
[    0.132003] evm: security.SMACK64MMAP
[    0.132927] evm: security.ima
[    0.133757] evm: security.capability
[    0.136243] clocksource: jiffies: mask: 0xffffffff max_cycles: 0xffffffff, max_idle_ns: 7645041785100000 ns
[    0.140106] pinctrl core: initialized pinctrl subsystem
[    0.141471] RTC time: 18:18:03, date: 11/15/16
[    0.144163] NET: Registered protocol family 16
[    0.156015] cpuidle: using governor ladder
[    0.168016] cpuidle: using governor menu
[    0.169380] PCCT header not found.
[    0.171001] ACPI: bus type PCI registered
[    0.172244] acpiphp: ACPI Hot Plug PCI Controller Driver version: 0.5
[    0.180179] PCI: Using configuration type 1 for base access
[    0.181977] PCI: Using configuration type 1 for extended access
[    0.201603] ACPI: Added _OSI(Module Device)
[    0.204051] ACPI: Added _OSI(Processor Device)
[    0.208016] ACPI: Added _OSI(3.0 _SCP Extensions)
[    0.209274] ACPI: Added _OSI(Processor Aggregator Device)
[    0.212723] ACPI: Executed 1 blocks of module-level executable AML code
[    0.218025] ACPI: Interpreter enabled
[    0.220010] ACPI Exception: AE_NOT_FOUND, While evaluating Sleep State [\_S1_] (20150930/hwxface-580)
[    0.224015] ACPI Exception: AE_NOT_FOUND, While evaluating Sleep State [\_S2_] (20150930/hwxface-580)
[    0.226759] ACPI Exception: AE_NOT_FOUND, While evaluating Sleep State [\_S3_] (20150930/hwxface-580)
[    0.229640] ACPI Exception: AE_NOT_FOUND, While evaluating Sleep State [\_S4_] (20150930/hwxface-580)
[    0.232027] ACPI: (supports S0 S5)
[    0.233012] ACPI: Using IOAPIC for interrupt routing
[    0.236075] PCI: Using host bridge windows from ACPI; if necessary, use "pci=nocrs" and report a bug
[    0.243396] ACPI: PCI Root Bridge [PCI0] (domain 0000 [bus 00-ff])
[    0.244025] acpi PNP0A03:00: _OSC: OS supports [ExtendedConfig ASPM ClockPM Segments MSI]
[    0.248032] acpi PNP0A03:00: _OSC failed (AE_NOT_FOUND); disabling ASPM
[    0.252293] PCI host bridge to bus 0000:00
[    0.253299] pci_bus 0000:00: root bus resource [io  0x0000-0x0cf7 window]
[    0.256020] pci_bus 0000:00: root bus resource [io  0x0d00-0xffff window]
[    0.258961] pci_bus 0000:00: root bus resource [mem 0x000a0000-0x000bffff window]
[    0.260009] pci_bus 0000:00: root bus resource [mem 0x40000000-0xffdfffff window]
[    0.264013] pci_bus 0000:00: root bus resource [bus 00-ff]
[    0.266439] pci 0000:00:01.1: legacy IDE quirk: reg 0x10: [io  0x01f0-0x01f7]
[    0.268015] pci 0000:00:01.1: legacy IDE quirk: reg 0x14: [io  0x03f6]
[    0.269486] pci 0000:00:01.1: legacy IDE quirk: reg 0x18: [io  0x0170-0x0177]
[    0.272003] pci 0000:00:01.1: legacy IDE quirk: reg 0x1c: [io  0x0376]
[    0.354092] ACPI: PCI Interrupt Link [LNKA] (IRQs 5 9 10 11) *0, disabled.
[    0.364384] ACPI: PCI Interrupt Link [LNKB] (IRQs 5 9 10 *11)
[    0.369731] ACPI: PCI Interrupt Link [LNKC] (IRQs 5 9 *10 11)
[    0.376794] ACPI: PCI Interrupt Link [LNKD] (IRQs 5 *9 10 11)
[    0.378875] ACPI: Enabled 2 GPEs in block 00 to 07
[    0.380311] vgaarb: setting as boot device: PCI:0000:00:02.0
[    0.382056] vgaarb: device added: PCI:0000:00:02.0,decodes=io+mem,owns=io+mem,locks=none
[    0.384012] vgaarb: loaded
[    0.384810] vgaarb: bridge control possible 0000:00:02.0
[    0.388220] SCSI subsystem initialized
[    0.389457] ACPI: bus type USB registered
[    0.389457] usbcore: registered new interface driver usbfs
[    0.392027] usbcore: registered new interface driver hub
[    0.393272] usbcore: registered new device driver usb
[    0.394542] PCI: Using ACPI for IRQ routing
[    0.396343] NetLabel: Initializing
[    0.400012] NetLabel:  domain hash size = 128
[    0.401086] NetLabel:  protocols = UNLABELED CIPSOv4
[    0.404039] NetLabel:  unlabeled traffic allowed by default
[    0.405406] amd_nb: Cannot enumerate AMD northbridges
[    0.408100] clocksource: Switched to clocksource kvm-clock
[    0.421587] AppArmor: AppArmor Filesystem Enabled
[    0.422892] pnp: PnP ACPI init
[    0.424482] pnp: PnP ACPI: found 3 devices
[    0.444580] clocksource: acpi_pm: mask: 0xffffff max_cycles: 0xffffff, max_idle_ns: 2085701024 ns
[    0.447319] NET: Registered protocol family 2
[    0.449859] TCP established hash table entries: 8192 (order: 4, 65536 bytes)
[    0.452024] TCP bind hash table entries: 8192 (order: 5, 131072 bytes)
[    0.453658] TCP: Hash tables configured (established 8192 bind 8192)
[    0.455186] UDP hash table entries: 512 (order: 2, 16384 bytes)
[    0.457427] UDP-Lite hash table entries: 512 (order: 2, 16384 bytes)
[    0.457606] NET: Registered protocol family 1
[    0.457606] pci 0000:00:00.0: Limiting direct PCI/PCI transfers
[    0.457606] pci 0000:00:01.0: Activating ISA DMA hang workarounds
[    0.457606] Trying to unpack rootfs image as initramfs...
[    0.853623] Freeing initrd memory: 11868K (ffff8800368c2000 - ffff880037459000)
[    1.067136] clocksource: tsc: mask: 0xffffffffffffffff max_cycles: 0x285a379b9d0, max_idle_ns: 440795327205 ns
ÿ[    1.072511] platform rtc_cmos: registered platform RTC device (no PNP device found)
[    1.072558] Scanning for low memory corruption every 60 seconds
[    1.072909] futex hash table entries: 512 (order: 3, 32768 bytes)
[    1.072936] audit: initializing netlink subsys (disabled)
[    1.072965] audit: type=2000 audit(1479233889.099:1): initialized
[    1.073264] Initialise system trusted keyring
[    1.073391] HugeTLB registered 2 MB page size, pre-allocated 0 pages
[    1.075523] zbud: loaded
[    1.075776] VFS: Disk quotas dquot_6.6.0
[    1.075817] VFS: Dquot-cache hash table entries: 512 (order 0, 4096 bytes)
[    1.076185] squashfs: version 4.0 (2009/01/31) Phillip Lougher
[    1.079127] fuse init (API version 7.23)
[    1.079295] Key type big_key registered
[    1.079321] Allocating IMA MOK and blacklist keyrings.
[    1.082698] Key type asymmetric registered
[    1.082708] Asymmetric key parser 'x509' registered
[    1.082785] Block layer SCSI generic (bsg) driver version 0.4 loaded (major 249)
[    1.082821] io scheduler noop registered
[    1.082822] io scheduler deadline registered (default)
[    1.082861] io scheduler cfq registered
[    1.082987] pci_hotplug: PCI Hot Plug PCI Core version: 0.5
[    1.082993] pciehp: PCI Express Hot Plug Controller Driver version: 0.4
[    1.083156] ACPI: AC Adapter [AC] (on-line)
[    1.083222] input: Power Button as /devices/LNXSYSTM:00/LNXPWRBN:00/input/input0
[    1.083226] ACPI: Power Button [PWRF]
[    1.083281] input: Sleep Button as /devices/LNXSYSTM:00/LNXSLPBN:00/input/input1
[    1.083282] ACPI: Sleep Button [SLPF]
[    1.086426] GHES: HEST is not enabled!
[    1.086541] Serial: 8250/16550 driver, 32 ports, IRQ sharing enabled
[    1.262414] 00:02: ttyS0 at I/O 0x3f8 (irq = 4, base_baud = 115200) is a 16550A
[    1.498895] Linux agpgart interface v0.103
[    1.600132] brd: module loaded
[    1.606791] loop: module loaded
[    1.607441] scsi host0: ata_piix
[    1.607529] scsi host1: ata_piix
[    1.607564] ata1: PATA max UDMA/33 cmd 0x1f0 ctl 0x3f6 bmdma 0xd000 irq 14
[    1.607570] ata2: PATA max UDMA/33 cmd 0x170 ctl 0x376 bmdma 0xd008 irq 15
[    1.607664] libphy: Fixed MDIO Bus: probed
[    1.607666] tun: Universal TUN/TAP device driver, 1.6
[    1.607667] tun: (C) 1999-2004 Max Krasnyansky <maxk@qualcomm.com>
[    1.607719] PPP generic driver version 2.4.2
[    1.607785] ehci_hcd: USB 2.0 'Enhanced' Host Controller (EHCI) Driver
[    1.607791] ehci-pci: EHCI PCI platform driver
[    1.607805] ehci-platform: EHCI generic platform driver
[    1.607820] ohci_hcd: USB 1.1 'Open' Host Controller (OHCI) Driver
[    1.607823] ohci-pci: OHCI PCI platform driver
[    1.607832] ohci-platform: OHCI generic platform driver
[    1.607842] uhci_hcd: USB Universal Host Controller Interface driver
[    1.607907] i8042: PNP: PS/2 Controller [PNP0303:PS2K,PNP0f03:PS2M] at 0x60,0x64 irq 1,12
[    1.608417] serio: i8042 KBD port at 0x60,0x64 irq 1
[    1.608426] serio: i8042 AUX port at 0x60,0x64 irq 12
[    1.608567] mousedev: PS/2 mouse device common for all mice
[    1.612988] input: AT Translated Set 2 keyboard as /devices/platform/i8042/serio0/input/input2
[    1.613372] rtc_cmos rtc_cmos: rtc core: registered rtc_cmos as rtc0
[    1.613449] rtc_cmos rtc_cmos: alarms up to one day, 114 bytes nvram
[    1.613457] i2c /dev entries driver
[    1.613535] device-mapper: uevent: version 1.0.3
[    1.613604] device-mapper: ioctl: 4.34.0-ioctl (2015-10-28) initialised: dm-devel@redhat.com
[    1.613631] ledtrig-cpu: registered to indicate activity on CPUs
[    1.613986] NET: Registered protocol family 10
[    1.614185] NET: Registered protocol family 17
[    1.614199] Key type dns_resolver registered
[    1.614383] microcode: CPU0: patch_level=0x010000bf
[    1.624076] microcode: CPU1: patch_level=0x010000bf
[    1.758745] microcode: Microcode Update Driver: v2.01 <tigran@aivazian.fsnet.co.uk>, Peter Oruba
[    1.758945] registered taskstats version 1
[    1.758960] Loading compiled-in X.509 certificates
[    1.760044] Loaded X.509 cert 'Build time autogenerated kernel key: 5295ae568fdd4deae5e4e5c175542790e6aaeab9'
[    1.760046] zswap: loaded using pool lzo/zbud
[    1.760046] Key type trusted registered
[    1.787701] Key type encrypted registered
[    1.787710] AppArmor: AppArmor sha1 policy hashing enabled
[    1.787720] ima: No TPM chip found, activating TPM-bypass!
[    1.787763] evm: HMAC attrs: 0x1
[    1.788034]   Magic number: 8:339:342
[    1.991202] rtc_cmos rtc_cmos: setting system clock to 2016-11-15 18:18:05 UTC (1479233885)
[    1.991563] BIOS EDD facility v0.16 2004-Jun-25, 0 devices found
[    1.991563] EDD information not available.
[    6.793819] Freeing unused kernel memory: 1480K (ffffffff81f42000 - ffffffff820b4000)
[    6.796684] Write protecting the kernel read-only data: 14336k
[    6.799199] Freeing unused kernel memory: 1820K (ffff880001839000 - ffff880001a00000)
[    6.802019] Freeing unused kernel memory: 152K (ffff880001dda000 - ffff880001e00000)
Loading, please wait...
starting version 229
[    6.849532] random: systemd-udevd: uninitialized urandom read (16 bytes read, 3 bits of entropy available)
[    6.854564] random: udevadm: uninitialized urandom read (16 bytes read, 3 bits of entropy available)
[    6.854662] random: systemd-udevd: uninitialized urandom read (16 bytes read, 3 bits of entropy available)
[    6.854687] random: systemd-udevd: uninitialized urandom read (16 bytes read, 3 bits of entropy available)
[    6.854708] random: systemd-udevd: uninitialized urandom read (16 bytes read, 3 bits of entropy available)
[    7.956870] random: udevadm: uninitialized urandom read (16 bytes read, 3 bits of entropy available)
[    7.976796] random: udevadm: uninitialized urandom read (16 bytes read, 3 bits of entropy available)
[    7.980683] random: udevadm: uninitialized urandom read (16 bytes read, 3 bits of entropy available)
[    7.985545] random: udevadm: uninitialized urandom read (16 bytes read, 3 bits of entropy available)
[    7.989652] random: udevadm: uninitialized urandom read (16 bytes read, 3 bits of entropy available)
[    8.092941] e1000: Intel(R) PRO/1000 Network Driver - version 7.3.21-k8-NAPI
[    8.095143] e1000: Copyright (c) 1999-2006 Intel Corporation.
[    8.102522] Fusion MPT base driver 3.04.20
[    8.110222] Copyright (c) 1999-2008 LSI Corporation
[    8.133478] Fusion MPT SPI Host driver 3.04.20
[    8.353799] input: ImExPS/2 Generic Explorer Mouse as /devices/platform/i8042/serio1/input/input4
[    8.609539] e1000 0000:00:03.0 eth0: (PCI:33MHz:32-bit) 02:3b:10:fe:82:8d
[    8.646907] e1000 0000:00:03.0 eth0: Intel(R) PRO/1000 Network Connection
[    8.651728] mptbase: ioc0: Initiating bringup
[    8.796535] ioc0: LSI53C1030 A0: Capabilities={Initiator}
[    8.980263] scsi host2: ioc0: LSI53C1030 A0, FwRev=00000000h, Ports=1, MaxQ=256, IRQ=20
[   11.433558] floppy0: no floppy controllers found
[   11.441529] scsi 2:0:0:0: Direct-Access     VBOX     HARDDISK         1.0  PQ: 0 ANSI: 5
[   11.694224] scsi target2:0:0: Beginning Domain Validation
[   11.703264] scsi target2:0:0: Domain Validation skipping write tests
[   11.705463] scsi target2:0:0: Ending Domain Validation
[   11.708143] scsi target2:0:0: asynchronous
[   11.719751] scsi 2:0:1:0: Direct-Access     VBOX     HARDDISK         1.0  PQ: 0 ANSI: 5
[   11.729240] scsi target2:0:1: Beginning Domain Validation
[   11.752286] scsi target2:0:1: Domain Validation skipping write tests
[   11.787662] scsi target2:0:1: Ending Domain Validation
[   11.790701] scsi target2:0:1: asynchronous
[   11.934505] sd 2:0:0:0: Attached scsi generic sg0 type 0
[   11.959351] sd 2:0:1:0: [sdb] 20480 512-byte logical blocks: (10.5 MB/10.0 MiB)
[   12.011288] sd 2:0:1:0: Attached scsi generic sg1 type 0
[   12.014145] sd 2:0:1:0: [sdb] Write Protect is off
[   12.017894] sd 2:0:0:0: [sda] 20971520 512-byte logical blocks: (10.7 GB/10.0 GiB)
[   12.018385] sd 2:0:1:0: [sdb] Incomplete mode parameter data
[   12.018387] sd 2:0:1:0: [sdb] Assuming drive cache: write through
[   12.033126] sd 2:0:0:0: [sda] Write Protect is off
[   12.037349] sd 2:0:0:0: [sda] Incomplete mode parameter data
[   12.038762] sd 2:0:0:0: [sda] Assuming drive cache: write through
[   12.054099]  sda: sda1
[   12.057778] sd 2:0:1:0: [sdb] Attached SCSI disk
[   12.062205] sd 2:0:0:0: [sda] Attached SCSI disk
[   12.160918] e1000 0000:00:08.0 eth1: (PCI:33MHz:32-bit) 08:00:27:03:b9:db
[   12.329111] e1000 0000:00:08.0 eth1: Intel(R) PRO/1000 Network Connection
[   12.494793] e1000 0000:00:08.0 enp0s8: renamed from eth1
[   12.536309] e1000 0000:00:03.0 enp0s3: renamed from eth0
Begin: Loading e[   14.288990] md: linear personality registered for level -1
ssential drivers ... [   14.346775] md: multipath personality registered for level -4
[   14.368307] md: raid0 personality registered for level 0
[   14.386412] md: raid1 personality registered for level 1
[   14.468118] raid6: sse2x1   gen()  2669 MB/s
[   14.540068] raid6: sse2x1   xor()  3611 MB/s
[   14.612074] raid6: sse2x2   gen()  5068 MB/s
[   14.680324] raid6: sse2x2   xor()  5980 MB/s
[   14.748067] raid6: sse2x4   gen()  6638 MB/s
[   14.816076] raid6: sse2x4   xor()  3917 MB/s
[   14.817126] raid6: using algorithm sse2x4 gen() 6638 MB/s
[   14.818329] raid6: .... xor() 3917 MB/s, rmw enabled
[   14.819460] raid6: using intx1 recovery algorithm
[   14.828541] xor: measuring software checksum speed
[   14.992138]    prefetch64-sse:   837.000 MB/sec
[   15.180078]    generic_sse:   873.000 MB/sec
[   15.287383] xor: using function: generic_sse (873.000 MB/sec)
[   15.455945] async_tx: api initialized (async)
[   15.535864] md: raid6 personality registered for level 6
[   15.537246] md: raid5 personality registered for level 5
[   15.538895] md: raid4 personality registered for level 4
[   15.572748] md: raid10 personality registered for level 10
done.
Begin: Running /scripts/init-premount ... done[   15.639732] Btrfs loaded
.
Begin: Mounting root file system ... Begin: Running /scripts/local-top ... done.
Begin: Running /scripts/local-premount ... Scanning for Btrfs filesystems
done.
Warning: fsck not present, so skipping root file system
[   15.843200] EXT4-fs (sda1): mounted filesystem with ordered data mode. Opts: (null)
done.
Begin: Running /scripts/local-bottom ... done.
Begin: Running /scripts/init-bottom ... Warning: overlayroot: debug is busted
done.
[   17.662206] systemd[1]: systemd 229 running in system mode. (+PAM +AUDIT +SELINUX +IMA +APPARMOR +SMACK +SYSVINIT +UTMP +LIBCRYPTSETUP +GCRYPT +GNUTLS +ACL +XZ -LZ4 +SECCOMP +BLKID +ELFUTILS +KMOD -IDN)
[   17.670101] systemd[1]: Detected virtualization oracle.
[   17.671343] systemd[1]: Detected architecture x86-64.

Welcome to [1mUbuntu 16.04.1 LTS[0m!

[   17.703923] systemd[1]: Set hostname to <saltminion2>.
[   10840raomnoloinpo iiniaze

[   19.085157] systemd[1]: Listening on udev Control Socket.
[[0;32m  OK  [0m] Listening on udev Control Socket.
[   19.296491] systemd[1]: Reached target Swap.
[[0;32m  OK  [0m] Reached target Swap.
[   19.490798] systemd[1]: Listening on LVM2 metadata daemon socket.
[[0;32m  OK  [0m] Listening on LVM2 metadata daemon socket.
[   19.660462] systemd[1]: Listening on Syslog Socket.
[[0;32m  OK  [0m] Listening on Syslog Socket.
[   19.824391] systemd[1]: Listening on LVM2 poll daemon socket.
[[0;32m  OK  [0m] Listening on LVM2 poll daemon socket.
[   20.000977] systemd[1]: Created slice User and Session Slice.
[[0;32m  OK  [0m] Created slice User and Session Slice.
[   20.200500] systemd[1]: Listening on /dev/initctl Compatibility Named Pipe.
[[0;32m  OK  [0m] Listening on /dev/initctl Compatibility Named Pipe.
[   20.340511] systemd[1]: Listening on Device-mapper event daemon FIFOs.
[[0;32m  OK  [0m] Listening on Device-mapper event daemon FIFOs.
[   20.540478] systemd[1]: Listening on Journal Socket (/dev/log).
[[0;32m  OK  [0m] Listening on Journal Socket (/dev/log).
[   20.740825] systemd[1]: Listening on Journal Audit Socket.
[[0;32m  OK  [0m] Listening on Journal Audit Socket.
[   20.948498] systemd[1]: Reached target User and Group Name Lookups.
[[0;32m  OK  [0m] Reached target User and Group Name Lookups.
[   21.069051] systemd[1]: Created slice System Slice.
[[0;32m  OK  [0m] Created slice System Slice.
[   21.144729] systemd[1]: Created slice system-serial\x2dgetty.slice.
[[0;32m  OK  [0m] Created slice system-serial\x2dgetty.slice.
[   21.386613] systemd[1]: Reached target Slices.
[[0;32m  OK  [0m] Reached target Slices.
[   21.544478] systemd[1]: Started Forward Password Requests to Wall Directory Watch.
[[0;32m  OK  [0m] Started Forward Password Requests to Wall Directory Watch.
[   21.648444] systemd[1]: Reached target Encrypted Volumes.
[[0;32m  OK  [0m] Reached target Encrypted Volumes.
[   21.712825] systemd[1]: Listening on Journal Socket.
[[0;32m  OK  [0m] Listening on Journal Socket.
[   21.816578] systemd[1]: Starting Nameserver information manager...
         Starting Nameserver information manager...
[   21.836396] systemd[1]: Starting Uncomplicated firewall...
         Starting Uncomplicated firewall...
[   21.840514] systemd[1]: Starting Create list of required static device nodes for the current kernel...
         Starting Create list of required st... nodes for the current kernel...
[   21.944362] systemd[1]: Mounting Huge Pages File System...
         Mounting Huge Pages File System...
[   22.008587] systemd[1]: Starting Load Kernel Modules...
         [   22.085442] Loading iSCSI transport class v2.0-870.
Starting Load Kernel Modules...
[   22.127040] systemd[1]: Starting Journal Service...
         Startin[   22.192404] iscsi: registered transport (tcp)
g Journal Service...
[   22.322639] systemd[1]: Starting Monitoring of LVM2 mirrors, snapshots etc. using dmeventd or progress polling...
         Starting Monitoring of LVM2 mirrors... dmeventd or progress polling...
[   22.433245] systemd[1]: Starting Remount Root and Kernel File Systems...
         Starting Remount Root and Kernel File Systems...
[   22.557005] systemd[1]: Starting Set console keymap...
         Starting Set con[   22.567887] EXT4-fs (sda1): re-mounted. Opts: (null)
sole keymap...
[   22.578955] systemd[1]: Mounting POSIX Message Queue File System...
         Mounting POSIX Message Queue File System...
[   22.589653] systemd[1]: Mounting Debug File System...
         Mounting Debug File System...
[   22.596526] systemd[1]: Listening on udev Kernel Socket.
[[0;32m  OK  [0m] Listening on udev Kernel Socket.
[   22.596526] systemd[1]: Set up automount Arbitrary Executable File Formats File System Automount Point.
[[0;32m  OK  [0m] Set up automount Arbitrary Executab...ats File System Automount Point.
[   22.691491] iscsi: registered transport (iser)
[   22.770271] systemd[1]: Mounted Debug File System.
[[0;32m  OK  [0m] Mounted Debug File System.
[   22.851605] systemd[1]: Mounted Huge Pages File System.
[[0;32m  OK  [0m] Mounted Huge Pages File System.
[   22.905036] systemd[1]: Mounted POSIX Message Queue File System.
[[0;32m  OK  [0m] Mounted POSIX Message Queue File System.
[   22.948603] systemd[1]: Started Journal Service.
[[0;32m  OK  [0m] Started Journal Service.
[[0;32m  OK  [0m] Started Uncomplicated firewall.
[[0;32m  OK  [0m] Started Create list of required sta...ce nodes for the current kernel.
[[0;32m  OK  [0m] Started Load Kernel Modules.
[[0;32m  OK  [0m] Started Remount Root and Kernel File Systems.
[[0;32m  OK  [0m] Started Set console keymap.
[[0;32m  OK  [0m] Started Nameserver information manager.
[[0;32m  OK  [0m] Started LVM2 metadata daemon.
         Starting Load/Save Random Seed...
         Starting udev Coldplug all Devices...
         Starting Apply Kernel Variables...
         Mounting FUSE Control File System...
         Starting Create Static Device Nodes in /dev...
         Starting Flush Journal to Persistent Storage...
[[0;32m  OK  [0m] Mounted FUSE Control File System.
[[0;32m  OK  [0m] Started Load/Save Random Seed.
[[0;32m  OK  [0m] Started Apply Kernel Variables.
[[0;32m  OK  [0m] Started Create Static Device Nodes in /dev.
         Starting udev Kernel Device Manager...
[[0;32m  OK  [0m] Started Flush Journal to Persistent Storage.
[[0;32m  OK  [0m] Started udev Coldplug all Devices.
[[0;32m  OK  [0m] Started Monitoring of LVM2 mirrors,...ng dmeventd or progress polling.
[[0;32m  OK  [0m] Started udev Kernel Device Manager.
[[0;32m  OK  [0m] Started Dispatch Password Requests to Console Directory Watch.
[[0;32m  OK  [0m] Reached target Local File Systems (Pre).
[[0;32m  OK  [0m] Reached target Local File Systems.
         Starting LSB: AppArmor initialization...
         Starting Set console font and keymap...
         Starting Tell Plymouth To Write Out Runtime Data...
         Starting Create Volatile Files and Directories...
         Starting Run snappy firstboot setup...
         Starting Initial cloud-init job (pre-networking)...
[[0;32m  OK  [0m] Started Tell Plymouth To Write Out Runtime Data.
[[0;32m  OK  [0m] Started Create Volatile Files and Directories.
[[0;32m  OK  [0m] Found device /dev/ttyS0.
[[0;32m  OK  [0m] Listening on Load/Save RF Kill Switch Status /dev/rfkill Watch.
[[0;32m  OK  [0m] Reached target System Time Synchronized.
         Starting Update UTMP about System Boot/Shutdown...
[[0;32m  OK  [0m] Found device 82540EM Gigabit Ethern...r (PRO/1000 MT Desktop Adapter).
[[0;32m  OK  [0m] Found device 82540EM Gigabit Ethern...r (PRO/1000 MT Desktop Adapter).
[[0;32m  OK  [0m] Started Update UTMP about System Boot/Shutdown.
[[0;32m  OK  [0m] Started Run snappy firstboot setup.
[[0;32m  OK  [0m] Started LSB: AppArmor initialization.
[[0;32m  OK  [0m] Reached target System Initialization.
         Starting Socket activation for snappy daemon.
[[0;32m  OK  [0m] Listening on D-Bus System Message Bus Socket.
[[0;32m  OK  [0m] Started ACPI Events Check.
         Starting LXD - unix socket.
[[0;32m  OK  [0m] Started Trigger resolvconf update for networkd DNS.
[[0;32m  OK  [0m] Reached target Paths.
[[0;32m  OK  [0m] Listening on UUID daemon activation socket.
[[0;32m  OK  [0m] Started Daily apt activities.
[[0;32m  OK  [0m] Started Daily Cleanup of Temporary Directories.
[[0;32m  OK  [0m] Listening on ACPID Listen Socket.
[[0;32m  OK  [0m] Started Timer to automatically refresh installed snaps.
[[0;32m  OK  [0m] Reached target Timers.
[[0;32m  OK  [0m] Started Set console font and keymap.
[[0;32m  OK  [0m] Listening on Socket activation for snappy daemon.
[[0;32m  OK  [0m] Listening on LXD - unix socket.
[[0;32m  OK  [0m] Reached target Sockets.
[[0;32m  OK  [0m] Reached target Basic System.
         Starting LSB: Record successful boot for GRUB...
[[0;32m  OK  [0m] Started D-Bus System Message Bus.
         Starting LXD - container startup/shutdown...
[[0;32m  OK  [0m] Started Deferred execution scheduler.
[[0;32m  OK  [0m] Started Regular background program processing daemon.
         Starting Login Service...
[[0;32m  OK  [0m] Started ACPI event daemon.
         Starting Accounts Service...
         Starting System Logging Service...
         Starting LSB: MD monitoring daemon...
[[0;32m  OK  [0m] Started FUSE filesystem for LXC.
[[0;32m  OK  [0m] Started Snappy daemon.
[[0;32m  OK  [0m] Created slice system-getty.slice.
[[0;32m  OK  [0m] Started Login Service.
[[0;32m  OK  [0m] Started LSB: Record successful boot for GRUB.
[[0;32m  OK  [0m] Started LSB: MD monitoring daemon.
[[0;32m  OK  [0m] Started System Logging Service.
         Starting Authenticate and Authorize Users to Run Privileged Tasks...
[[0;32m  OK  [0m] Started Authenticate and Authorize Users to Run Privileged Tasks.
[[0;32m  OK  [0m] Started Accounts Service.
[[0;32m  OK  [0m] Started LXD - container startup/shutdown.
[   33.385732] cloud-init[564]: Cloud-init v. 0.7.8 running 'init-local' at Tue, 15 Nov 2016 18:18:35 +0000. Up 32.17 seconds.
[[0;32m  OK  [0m] Started Initial cloud-init job (pre-networking).
[[0;32m  OK  [0m] Reached target Network (Pre).
[[0;32m  OK  [0m] Started ifup for enp0s3.
[[0;32m  OK  [0m] Started ifup for enp0s8.
         Starting Raise network interfaces...
[[0;32m  OK  [0m] Started Raise network interfaces.
[[0;32m  OK  [0m] Reached target Network.
[[0;32m  OK  [0m] Started Supervisor process control system for UNIX.
         Starting The Salt Minion...
         Starting A high performance web server and a reverse proxy server...
         Starting Initial cloud-init job (metadata service crawler)...
[   37.941000] cloud-init[1140]: Cloud-init v. 0.7.8 running 'init' at Tue, 15 Nov 2016 18:18:39 +0000. Up 35.54 seconds.
[   38.077006] cloud-init[1140]: ci-info: ++++++++++++++++++++++++++++++++++++++Net device info++++++++++++++++++++++++++++++++++++++
[   38.224221] cloud-init[1140]: ci-info: +--------+------+-----------------------------+---------------+-------+-------------------+
[[0;32m  OK  [0m] Started A high performance web server and a reverse proxy server.
[[0;32m  OK  [0m] Started Initial cloud-init job (metadata service crawler).
[   38.229075] cloud-init[1140]: ci-info: | Device |  Up  |           Address           |      Mask     | Scope |     Hw-Address    |
[   38.260571] cloud-init[1140]: ci-info: +--------+------+-----------------------------+---------------+-------+-------------------+
[   38.270762] cloud-init[1140]: ci-info: | enp0s3 | True |          10.0.2.15          | 255.255.255.0 |   .   | 02:3b:10:fe:82:8d |
[   38.279978] cloud-init[1140]: ci-info: | enp0s3 | True |  fe80::3b:10ff:fefe:828d/64 |       .       |  link | 02:3b:10:fe:82:8d |
[   38.285779] cloud-init[1140]: ci-info: | enp0s8 | True |        192.168.50.12        | 255.255.255.0 |   .   | 08:00:27:03:b9:db |
[   38.297772] cloud-init[1140]: ci-info: | enp0s8 | True | fe80::a00:27ff:fe03:b9db/64 |       .       |  link | 08:00:27:03:b9:db |
[   38.303940] cloud-init[1140]: ci-info: |   lo   | True |          127.0.0.1          |   255.0.0.0   |   .   |         .         |
[   38.309833] cloud-init[1140]: ci-info: |   lo   | True |           ::1/128           |       .       |  host |         .         |
[   38.317634] cloud-init[1140]: ci-info: +--------+------+-----------------------------+---------------+-------+-------------------+
[   38.327594] cloud-init[1140]: ci-info: ++++++++++++++++++++++++++++Route IPv4 info++++++++++++++++++++++++++++
[   38.334517] cloud-init[1140]: ci-info: +-------+--------------+----------+---------------+-----------+-------+
[   38.340419] cloud-init[1140]: ci-info: | Route | Destination  | Gateway  |    Genmask    | Interface | Flags |
[   38.345534] cloud-init[1140]: ci-info: +-------+--------------+----------+---------------+-----------+-------+
[   38.374348] cloud-init[1140]: ci-info: |   0   |   0.0.0.0    | 10.0.2.2 |    0.0.0.0    |   enp0s3  |   UG  |
[   38.394726] cloud-init[1140]: ci-info: |   1   |   10.0.2.0   | 0.0.0.0  | 255.255.255.0 |   enp0s3  |   U   |
[   38.403528] cloud-init[1140]: ci-info: |   2   | 192.168.50.0 | 0.0.0.0  | 255.255.255.0 |   enp0s8  |   U   |
[   38.411819] cloud-init[1140]: ci-info: +-------+--------------+----------+---------------+-----------+-------+
[[0;32m  OK  [0m] Reached target Network is Online.
         Starting /etc/rc.local Compatibility...
         Starting iSCSI initiator daemon (iscsid)...
         Starting OpenBSD Secure Shell server...
[[0;32m  OK  [0m] Reached target Cloud-config availability.
         Starting Apply the settings specified in cloud-config...
[[0;32m  OK  [0m] Started /etc/rc.local Compatibility.
[[0;32m  OK  [0m] Started iSCSI initiator daemon (iscsid).
         Starting Login to default iSCSI targets...
[[0;32m  OK  [0m] Started OpenBSD Secure Shell server.
[[0;32m  OK  [0m] Started Login to default iSCSI targets.
[[0;32m  OK  [0m] Reached target Remote File Systems (Pre).
[[0;32m  OK  [0m] Reached target Remote File Systems.
         Starting Permit User Sessions...
         Starting LSB: automatic crash report generation...
         Starting LSB: Set the CPU Frequency Scaling governor to "ondemand"...
         Starting LSB: VirtualBox Linux Additions...
         Starting LSB: daemon to balance interrupts for SMP systems...
[[0;32m  OK  [0m] Started The Salt Minion.
[[0;32m  OK  [0m] Started Permit User Sessions.
[[0;32m  OK  [0m] Started LSB: Set the CPU Frequency Scaling governor to "ondemand".
         Starting Hold until boot process finishes up...
         Starting Terminate Plymouth Boot Screen...
[[0;32m  OK  [0m] Started Terminate Plymouth Boot Screen.
[[0;32m  OK  [0m] Started Hold until boot process finishes up.
[[0;32m  OK  [0m] Started LSB: automatic crash report generation.
[[0;32m  OK  [0m] Started Serial Getty on ttyS0.
         Starting Set console scheme...
[[0;32m  OK  [0m] Started Getty on tty1.
[[0;32m  OK  [0m] Reached target Login Prompts.
[[0;32m  OK  [0m] Started LSB: daemon to balance interrupts for SMP systems.
[[0;32m  OK  [0m] Started Set console scheme.
[[0;32m  OK  [0m] Started LSB: VirtualBox Linux Additions.
[[0;32m  OK  [0m] Reached target Multi-User System.
         Starting Notify bootloader that boot was successful...
[[0;32m  OK  [0m] Reached target Graphical Interface.
         Starting Update UTMP about System Runlevel Changes...
[[0;32m  OK  [0m] Started Update UTMP about System Runlevel Changes.
[[0;32m  OK  [0m] Started Notify bootloader that boot was successful.
[   41.141575] cloud-init[1207]: Cloud-init v. 0.7.8 running 'modules:config' at Tue, 15 Nov 2016 18:18:43 +0000. Up 40.03 seconds.
[[0;32m  OK  [0m] Started Apply the settings specified in cloud-config.
         Starting Execute cloud user/final scripts...
[   43.164342] cloud-init[1331]: Cloud-init v. 0.7.8 running 'modules:final' at Tue, 15 Nov 2016 18:18:46 +0000. Up 42.42 seconds.
[   43.227322] cloud-init[1331]: Cloud-init v. 0.7.8 finished at Tue, 15 Nov 2016 18:18:46 +0000. Datasource DataSourceNoCloud [seed=/dev/sdb][dsmode=net].  Up 43.12 seconds
[[0;32m  OK  [0m] Started Execute cloud user/final scripts.
[[0;32m  OK  [0m] Reached target Cloud-init target.

Ubuntu 16.04.1 LTS saltminion2 ttyS0

saltminion2 login: 